.....Fatal Python error: Segmentation fault

Current thread 0x00000001edbf35c0 (most recent call first):
  File "/Users/chriscelaya/Documents/covering64-independent-20261003/tests/test_independent_pair_partition.py", line 69 in test_audit_rejects_damaged_model
  File "/Users/chriscelaya/Documents/covering64-independent-20261003/.venv/lib/python3.13/site-packages/_pytest/python.py", line 167 in pytest_pyfunc_call
  File "/Users/chriscelaya/Documents/covering64-independent-20261003/.venv/lib/python3.13/site-packages/pluggy/_callers.py", line 121 in _multicall
  File "/Users/chriscelaya/Documents/covering64-independent-20261003/.venv/lib/python3.13/site-packages/pluggy/_manager.py", line 120 in _hookexec
  File "/Users/chriscelaya/Documents/covering64-independent-20261003/.venv/lib/python3.13/site-packages/pluggy/_hooks.py", line 512 in __call__
  File "/Users/chriscelaya/Documents/covering64-independent-20261003/.venv/lib/python3.13/site-packages/_pytest/python.py", line 1707 in runtest
  File "/Users/chriscelaya/Documents/covering64-independent-20261003/.venv/lib/python3.13/site-packages/_pytest/runner.py", line 184 in pytest_runtest_call
  File "/Users/chriscelaya/Documents/covering64-independent-20261003/.venv/lib/python3.13/site-packages/pluggy/_callers.py", line 121 in _multicall
  File "/Users/chriscelaya/Documents/covering64-independent-20261003/.venv/lib/python3.13/site-packages/pluggy/_manager.py", line 120 in _hookexec
  File "/Users/chriscelaya/Documents/covering64-independent-20261003/.venv/lib/python3.13/site-packages/pluggy/_hooks.py", line 512 in __call__
  File "/Users/chriscelaya/Documents/covering64-independent-20261003/.venv/lib/python3.13/site-packages/_pytest/runner.py", line 250 in <lambda>
  File "/Users/chriscelaya/Documents/covering64-independent-20261003/.venv/lib/python3.13/site-packages/_pytest/runner.py", line 361 in from_call
  File "/Users/chriscelaya/Documents/covering64-independent-20261003/.venv/lib/python3.13/site-packages/_pytest/runner.py", line 249 in call_and_report
  File "/Users/chriscelaya/Documents/covering64-independent-20261003/.venv/lib/python3.13/site-packages/_pytest/runner.py", line 139 in runtestprotocol
  File "/Users/chriscelaya/Documents/covering64-independent-20261003/.venv/lib/python3.13/site-packages/_pytest/runner.py", line 118 in pytest_runtest_protocol
  File "/Users/chriscelaya/Documents/covering64-independent-20261003/.venv/lib/python3.13/site-packages/pluggy/_callers.py", line 121 in _multicall
  File "/Users/chriscelaya/Documents/covering64-independent-20261003/.venv/lib/python3.13/site-packages/pluggy/_manager.py", line 120 in _hookexec
  File "/Users/chriscelaya/Documents/covering64-independent-20261003/.venv/lib/python3.13/site-packages/pluggy/_hooks.py", line 512 in __call__
  File "/Users/chriscelaya/Documents/covering64-independent-20261003/.venv/lib/python3.13/site-packages/_pytest/main.py", line 408 in pytest_runtestloop
  File "/Users/chriscelaya/Documents/covering64-independent-20261003/.venv/lib/python3.13/site-packages/pluggy/_callers.py", line 121 in _multicall
  File "/Users/chriscelaya/Documents/covering64-independent-20261003/.venv/lib/python3.13/site-packages/pluggy/_manager.py", line 120 in _hookexec
  File "/Users/chriscelaya/Documents/covering64-independent-20261003/.venv/lib/python3.13/site-packages/pluggy/_hooks.py", line 512 in __call__
  File "/Users/chriscelaya/Documents/covering64-independent-20261003/.venv/lib/python3.13/site-packages/_pytest/main.py", line 384 in _main
  File "/Users/chriscelaya/Documents/covering64-independent-20261003/.venv/lib/python3.13/site-packages/_pytest/main.py", line 330 in wrap_session
  File "/Users/chriscelaya/Documents/covering64-independent-20261003/.venv/lib/python3.13/site-packages/_pytest/main.py", line 377 in pytest_cmdline_main
  File "/Users/chriscelaya/Documents/covering64-independent-20261003/.venv/lib/python3.13/site-packages/pluggy/_callers.py", line 121 in _multicall
  File "/Users/chriscelaya/Documents/covering64-independent-20261003/.venv/lib/python3.13/site-packages/pluggy/_manager.py", line 120 in _hookexec
  File "/Users/chriscelaya/Documents/covering64-independent-20261003/.venv/lib/python3.13/site-packages/pluggy/_hooks.py", line 512 in __call__
  File "/Users/chriscelaya/Documents/covering64-independent-20261003/.venv/lib/python3.13/site-packages/_pytest/config/__init__.py", line 229 in _main
  File "/Users/chriscelaya/Documents/covering64-independent-20261003/.venv/lib/python3.13/site-packages/_pytest/config/__init__.py", line 253 in _console_main
  File "/Users/chriscelaya/Documents/covering64-independent-20261003/.venv/bin/pytest", line 10 in <module>

Extension modules: numpy._core._multiarray_umath, numpy.linalg._umath_linalg, numpy.random._common, numpy.random.bit_generator, numpy.random._bounded_integers, numpy.random._pcg64, numpy.random._generator, numpy.random._mt19937, numpy.random._philox, numpy.random._sfc64, numpy.random.mtrand, _cyutility, pandas._libs._cyutility, pandas._libs.tslibs.ccalendar, pandas._libs.tslibs.np_datetime, pandas._libs.tslibs.dtypes, pandas._libs.tslibs.base, pandas._libs.tslibs.nattype, pandas._libs.tslibs.timezones, pandas._libs.properties, pandas._libs.tslibs.fields, pandas._libs.tslibs.timedeltas, pandas._libs.tslibs.tzconversion, pandas._libs.tslibs.timestamps, pandas._libs.tslibs.offsets, pandas._libs.tslibs.strptime, pandas._libs.tslibs.parsing, pandas._libs.tslibs.conversion, pandas._libs.tslibs.period, pandas._libs.tslibs.vectorized, pandas._libs.ops_dispatch, pandas._libs.missing, pandas._libs.hashtable, pandas._libs.algos, pandas._libs.interval, pandas._libs.lib, pandas._libs.ops, pandas._libs.hashing, pandas._libs.arrays, pandas._libs.tslib, pandas._libs.sparse, pandas._libs.internals, pandas._libs.indexing, pandas._libs.index, pandas._libs.writers, pandas._libs.join, pandas._libs.window.aggregations, pandas._libs.window.indexers, pandas._libs.reshape, pandas._libs.groupby, pandas._libs.json, pandas._libs.parsers, pandas._libs.testing (total: 53)
