Using CPython 3.13.15
Creating virtual environment at: .venv
   Building covering64 @ file:///Users/chriscelaya/Documents/covering64-independent-20261003
Downloading pygments (1.2MiB)
Downloading numpy (5.2MiB)
Downloading pandas (9.6MiB)
Downloading ruff (9.3MiB)
Downloading python-sat (2.3MiB)
Downloading ortools (20.9MiB)
 Downloaded python-sat
 Downloaded pygments
 Downloaded numpy
 Downloaded ruff
      Built covering64 @ file:///Users/chriscelaya/Documents/covering64-independent-20261003
 Downloaded pandas
 Downloaded ortools
Prepared 17 packages in 2.45s
Installed 17 packages in 76ms
 + absl-py==2.5.0
 + covering64==0.1.1 (from file:///Users/chriscelaya/Documents/covering64-independent-20261003)
 + immutabledict==4.3.1
 + iniconfig==2.3.0
 + numpy==2.5.3
 + ortools==9.15.6755
 + packaging==26.3
 + pandas==3.0.6
 + pluggy==1.6.0
 + protobuf==6.33.6
 + pygments==2.21.0
 + pytest==9.1.1
 + python-dateutil==2.9.0.post0
 + python-sat==1.9.dev15
 + ruff==0.16.10
 + six==1.17.0
 + typing-extensions==4.16.0
