{
  "source_sha256": "bcd535b5f62788b24fe86db752dd964944967a835632d32c4d4e01970f96a5d6",
  "original_path": "experiments/2026-10-04/g5-whole-link-certificates/all-g5-cuts.compact.json.gz",
  "original_sha256": "22311f1f765e46a4ffb6a92b01a54474a6e8d96056d9a511ec096340fdb43ea8",
  "original_bytes": 8848020,
  "unchanged_payload_sha256": "66fbb071a8df1b33c1e2e3cb153e8c1370742d07e8e94fc2d22e8c08133719da",
  "payload_bytes": 39902633,
  "xz_path": "experiments/2026-10-04/g5-whole-link-certificates-archive/all-g5-cuts.compact.json.xz",
  "xz_sha256": "9ea62be02deaf717aee1e91f86bb7b9900654490645fd31b2106670483bb2336",
  "xz_bytes": 5949200,
  "xz_format": "XZ",
  "xz_check": "CRC64",
  "lzma_preset": "9|PRESET_EXTREME",
  "compression_seconds": 22.94085837493185,
  "under_5_million_bytes": false,
  "full_bundle_path": "experiments/scratch/g5-whole-link-certificates-20261004/all-g5-cuts.json",
  "full_bundle_sha256": "cde34265aac34b735dde6a52d2c28eb190fa20b31c4f1e588193b18b387e3568",
  "full_bundle_bytes": 244012730,
  "payload_byte_identical": true,
  "full_bundle_byte_identical": true,
  "original_gzip_unchanged": true,
  "optimization_calls": 0,
  "scope": "Lossless packaging only; no certificate or proof content changed."
}
