{
  "started_utc": "2026-10-04T03:13:48.143539+00:00",
  "seed": 2026100371,
  "requested_seconds": 60,
  "workers": 1,
  "ortools_version": "9.15.6755",
  "model_sha256": "9459e51fb196332ac5a7e555dfde1a95dc195643ff8365b6655bffbcd153bc5e",
  "pool_sha256": "733d336edbb793c8fa0fb1c228b8ab72b2dd512e61683c0b7a6600b3318a22ed",
  "model_audit_sha256": "45ff6e9c85b8b83467b333357e9b6425d1c6571d39c0d9d9927b9532a7a4f45b",
  "runner_sha256": "fc3337a169a374956f174a5b1e212c02e996fa1bb01ce34f08546e9ef77c81ee",
  "source_revision": "5df903825002fb7916857bcac8ade6fe60289ce9",
  "finished_utc": "2026-10-04T03:14:48.174812+00:00",
  "status": "UNKNOWN",
  "elapsed_seconds": 60.008512041997164,
  "solver_wall_seconds": 60.006202,
  "conflicts": 6839079,
  "branches": 19102941,
  "independently_proved_infeasible": false,
  "witness": null,
  "checks": null,
  "artifact_sha256": {
    "parameters.pbtxt": "5b1b157d06f70680ed8eb8c531ec1ad5305d789ed2dd3221182a4da37d224c30",
    "response.pbtxt": "1fa381f562ecc39afad1ce4d6cf53f65024825b384b8959470a6d5f3c8959981",
    "solver.log": "5bda6d5ef541f738c67bbf5c16ce114599f6a4d91b9f26cc80c3cf232ff90f80"
  },
  "scope": "This 288-block pool only. UNKNOWN is inconclusive; CP-SAT INFEASIBLE is not an independently checked theorem. No global lower bound."
}
