worker=0/16 split=3 splitnodes=86044 order_mode=0 solutions=8360 nodes=39497899 time=83.945s
worker=1/16 split=3 splitnodes=86044 order_mode=0 solutions=8744 nodes=39827507 time=84.559s
worker=10/16 split=3 splitnodes=86044 order_mode=0 solutions=9432 nodes=39839513 time=84.489s
worker=11/16 split=3 splitnodes=86044 order_mode=0 solutions=7528 nodes=39961527 time=84.596s
worker=12/16 split=3 splitnodes=86044 order_mode=0 solutions=9112 nodes=39344773 time=83.529s
worker=13/16 split=3 splitnodes=86044 order_mode=0 solutions=7984 nodes=39712257 time=84.284s
worker=14/16 split=3 splitnodes=86044 order_mode=0 solutions=9336 nodes=39727050 time=84.406s
worker=15/16 split=3 splitnodes=86044 order_mode=0 solutions=7712 nodes=39864545 time=84.506s
worker=2/16 split=3 splitnodes=86044 order_mode=0 solutions=9160 nodes=39634900 time=84.224s
worker=3/16 split=3 splitnodes=86044 order_mode=0 solutions=7992 nodes=39788470 time=84.472s
worker=4/16 split=3 splitnodes=86044 order_mode=0 solutions=8936 nodes=39651922 time=84.114s
worker=5/16 split=3 splitnodes=86044 order_mode=0 solutions=8496 nodes=39903465 time=84.715s
worker=6/16 split=3 splitnodes=86044 order_mode=0 solutions=9128 nodes=39825573 time=84.535s
worker=7/16 split=3 splitnodes=86044 order_mode=0 solutions=7424 nodes=39866090 time=84.552s
worker=8/16 split=3 splitnodes=86044 order_mode=0 solutions=10008 nodes=39622170 time=84.159s
worker=9/16 split=3 splitnodes=86044 order_mode=0 solutions=8888 nodes=39722871 time=84.516s
workers=16 solutions=138240 nodes=635790532 cpu_seconds=1349.6 slowest_worker=84.7s
real 85.10
user 1255.97
sys 5.71
