{"event": "run-finished", "seed": 2026100361, "mode": "beam", "deficit": 3, "proposals": 1457196416, "trace_bytes": 2614102}
{"event": "run-finished", "seed": 2026100361, "mode": "greedy", "deficit": 3, "proposals": 1551125760, "trace_bytes": 163849135}
{"event": "run-finished", "seed": 2026100362, "mode": "beam", "deficit": 3, "proposals": 1165797760, "trace_bytes": 2090611}
{"event": "run-finished", "seed": 2026100362, "mode": "greedy", "deficit": 3, "proposals": 1244993920, "trace_bytes": 131485542}
{"event": "run-finished", "seed": 2026100363, "mode": "beam", "deficit": 3, "proposals": 1270560000, "trace_bytes": 2280418}
{"event": "run-finished", "seed": 2026100363, "mode": "greedy", "deficit": 3, "proposals": 1352739584, "trace_bytes": 142910166}
{"event": "run-finished", "seed": 2026100364, "mode": "beam", "deficit": 3, "proposals": 1407405440, "trace_bytes": 2525338}
{"event": "run-finished", "seed": 2026100364, "mode": "greedy", "deficit": 3, "proposals": 1505671936, "trace_bytes": 159444517}
{"event": "run-finished", "seed": 2026100365, "mode": "beam", "deficit": 3, "proposals": 1244935552, "trace_bytes": 2234500}
{"event": "run-finished", "seed": 2026100365, "mode": "greedy", "deficit": 3, "proposals": 1332415104, "trace_bytes": 140735127}
{"event": "run-finished", "seed": 2026100366, "mode": "beam", "deficit": 3, "proposals": 1214237568, "trace_bytes": 2179373}
{"event": "run-finished", "seed": 2026100366, "mode": "greedy", "deficit": 3, "proposals": 1294526592, "trace_bytes": 136623390}
{"event": "replayed", "seed": 2026100361, "mode": "beam", "traces": 854, "moves": 854}
{"event": "replayed", "seed": 2026100361, "mode": "greedy", "traces": 53511, "moves": 53511}
{"event": "replayed", "seed": 2026100362, "mode": "beam", "traces": 683, "moves": 683}
{"event": "replayed", "seed": 2026100362, "mode": "greedy", "traces": 42934, "moves": 42934}
{"event": "replayed", "seed": 2026100363, "mode": "beam", "traces": 745, "moves": 745}
{"event": "replayed", "seed": 2026100363, "mode": "greedy", "traces": 46664, "moves": 46664}
{"event": "replayed", "seed": 2026100364, "mode": "beam", "traces": 825, "moves": 825}
{"event": "replayed", "seed": 2026100364, "mode": "greedy", "traces": 52064, "moves": 52064}
{"event": "replayed", "seed": 2026100365, "mode": "beam", "traces": 730, "moves": 730}
{"event": "replayed", "seed": 2026100365, "mode": "greedy", "traces": 45954, "moves": 45954}
{"event": "replayed", "seed": 2026100366, "mode": "beam", "traces": 712, "moves": 712}
{"event": "replayed", "seed": 2026100366, "mode": "greedy", "traces": 44619, "moves": 44619}
{"event": "complete", "runs": 12, "best_deficit": 3}
