[
  {
    "id": "matching-029",
    "returncode": 0,
    "command": [
      "/Users/chriscelaya/Documents/covering64-search/.venv/bin/python3",
      "/Users/chriscelaya/Documents/covering64-search/experiments/scratch/four-seven-blossom-cp-v1.1.0/run.py",
      "solve",
      "/Users/chriscelaya/Documents/covering64-search/experiments/scratch/four-seven-blossom-cp-v1.1.0/matching-029"
    ]
  },
  {
    "id": "matching-113",
    "returncode": 0,
    "command": [
      "/Users/chriscelaya/Documents/covering64-search/.venv/bin/python3",
      "/Users/chriscelaya/Documents/covering64-search/experiments/scratch/four-seven-blossom-cp-v1.1.0/run.py",
      "solve",
      "/Users/chriscelaya/Documents/covering64-search/experiments/scratch/four-seven-blossom-cp-v1.1.0/matching-113"
    ]
  },
  {
    "id": "cycle-069",
    "returncode": 0,
    "command": [
      "/Users/chriscelaya/Documents/covering64-search/.venv/bin/python3",
      "/Users/chriscelaya/Documents/covering64-search/experiments/scratch/four-seven-blossom-cp-v1.1.0/run.py",
      "solve",
      "/Users/chriscelaya/Documents/covering64-search/experiments/scratch/four-seven-blossom-cp-v1.1.0/cycle-069"
    ]
  },
  {
    "id": "cycle-046",
    "returncode": 0,
    "command": [
      "/Users/chriscelaya/Documents/covering64-search/.venv/bin/python3",
      "/Users/chriscelaya/Documents/covering64-search/experiments/scratch/four-seven-blossom-cp-v1.1.0/run.py",
      "solve",
      "/Users/chriscelaya/Documents/covering64-search/experiments/scratch/four-seven-blossom-cp-v1.1.0/cycle-046"
    ]
  }
]
