Document:    Independent Seven-Removal Kernel Enumeration Log
Version:     v1.0.0
Author:      Celaya Solutions
Contact:     hello@celayasolutions.com
Date:        2026-10-03
SHA256:      7b7d2813068ad5af821a83822758ac87f491b39c5249f8b1994343284655a794
Chain:       n/a
Tx:          [not anchored]
License:     All Rights Reserved / Celaya Solutions

Command: python3 scripts/independent_core_six.py experiments/2026-10-03/core-seven-scan/dual-reduced-candidates.json.gz experiments/2026-10-03/core-seven-independent/weighted-trees.json.gz
Exit: 0
{"case_index": 0, "removed_core_positions": [1, 3, 10, 22, 23, 25, 29], "status": "EXHAUSTED", "node_count": 12, "seconds": 0.0014365409733727574, "pool_count": 137, "residual_triple_count": 73, "dual_bound": [76, 7]}
{"case_index": 1, "removed_core_positions": [1, 10, 20, 22, 26, 29, 37], "status": "EXHAUSTED", "node_count": 5, "seconds": 0.0005399170331656933, "pool_count": 85, "residual_triple_count": 73, "dual_bound": [109, 10]}
{"case_index": 2, "removed_core_positions": [1, 3, 10, 22, 26, 29, 37], "status": "EXHAUSTED", "node_count": 7, "seconds": 0.0007520409999415278, "pool_count": 83, "residual_triple_count": 73, "dual_bound": [153, 14]}
{"case_index": 3, "removed_core_positions": [1, 10, 22, 23, 25, 29, 37], "status": "EXHAUSTED", "node_count": 6, "seconds": 0.0005457500228658319, "pool_count": 65, "residual_triple_count": 71, "dual_bound": [164, 15]}
{"case_index": 4, "removed_core_positions": [1, 10, 22, 23, 25, 29, 35], "status": "EXHAUSTED", "node_count": 3, "seconds": 0.00041579094249755144, "pool_count": 66, "residual_triple_count": 71, "dual_bound": [175, 16]}
{"case_index": 5, "removed_core_positions": [1, 10, 22, 23, 25, 29, 49], "status": "EXHAUSTED", "node_count": 5, "seconds": 0.000473541091196239, "pool_count": 71, "residual_triple_count": 71, "dual_bound": [175, 16]}
{"case_index": 6, "removed_core_positions": [1, 3, 10, 23, 25, 35, 49], "status": "EXHAUSTED", "node_count": 7, "seconds": 0.00070433400105685, "pool_count": 75, "residual_triple_count": 73, "dual_bound": [197, 18]}
{"case_index": 7, "removed_core_positions": [1, 3, 22, 23, 25, 29, 35], "status": "EXHAUSTED", "node_count": 4, "seconds": 0.0004405840300023556, "pool_count": 74, "residual_triple_count": 73, "dual_bound": [701, 64]}
{"case_index": 8, "removed_core_positions": [1, 10, 22, 23, 25, 26, 29], "status": "EXHAUSTED", "node_count": 6, "seconds": 0.000553457997739315, "pool_count": 62, "residual_triple_count": 71, "dual_bound": [701, 64]}
{"case_index": 9, "removed_core_positions": [1, 3, 25, 26, 29, 35, 49], "status": "EXHAUSTED", "node_count": 4, "seconds": 0.0004450830165296793, "pool_count": 70, "residual_triple_count": 73, "dual_bound": [307, 28]}
{"case_index": 10, "removed_core_positions": [1, 5, 10, 26, 35, 37, 49], "status": "EXHAUSTED", "node_count": 7, "seconds": 0.0005190419033169746, "pool_count": 56, "residual_triple_count": 71, "dual_bound": [1009, 92]}
{"case_index": 11, "removed_core_positions": [1, 5, 10, 23, 25, 35, 49], "status": "EXHAUSTED", "node_count": 7, "seconds": 0.0005470420001074672, "pool_count": 60, "residual_triple_count": 71, "dual_bound": [1031, 94]}
{"case_index": 12, "removed_core_positions": [1, 5, 7, 12, 15, 19, 32], "status": "EXHAUSTED", "node_count": 4, "seconds": 0.0003349999897181988, "pool_count": 54, "residual_triple_count": 71, "dual_bound": [351, 32]}
{"case_index": 13, "removed_core_positions": [1, 5, 22, 23, 26, 35, 37], "status": "EXHAUSTED", "node_count": 3, "seconds": 0.0002892500488087535, "pool_count": 60, "residual_triple_count": 71, "dual_bound": [351, 32]}
{"case_index": 14, "removed_core_positions": [1, 2, 22, 25, 26, 29, 49], "status": "EXHAUSTED", "node_count": 4, "seconds": 0.0007050420390442014, "pool_count": 55, "residual_triple_count": 72, "dual_bound": [351, 32]}
{"case_index": 15, "removed_core_positions": [1, 10, 16, 23, 25, 35, 49], "status": "EXHAUSTED", "node_count": 4, "seconds": 0.00040391599759459496, "pool_count": 54, "residual_triple_count": 71, "dual_bound": [351, 32]}
{"case_index": 16, "removed_core_positions": [1, 5, 22, 23, 25, 35, 37], "status": "EXHAUSTED", "node_count": 4, "seconds": 0.0004840830806642771, "pool_count": 54, "residual_triple_count": 71, "dual_bound": [351, 32]}
{"case_index": 17, "removed_core_positions": [1, 10, 16, 22, 23, 25, 29], "status": "EXHAUSTED", "node_count": 4, "seconds": 0.0003759170649573207, "pool_count": 50, "residual_triple_count": 71, "dual_bound": [351, 32]}
{"case_index": 18, "removed_core_positions": [1, 10, 22, 23, 25, 29, 41], "status": "EXHAUSTED", "node_count": 6, "seconds": 0.0004514589672908187, "pool_count": 58, "residual_triple_count": 71, "dual_bound": [351, 32]}
{"case_index": 19, "removed_core_positions": [1, 10, 14, 22, 23, 25, 29], "status": "EXHAUSTED", "node_count": 5, "seconds": 0.0004047909751534462, "pool_count": 56, "residual_triple_count": 73, "dual_bound": [351, 32]}
{"case_index": 20, "removed_core_positions": [1, 5, 7, 8, 15, 48, 60], "status": "EXHAUSTED", "node_count": 3, "seconds": 0.00033579207956790924, "pool_count": 60, "residual_triple_count": 71, "dual_bound": [351, 32]}
{"case_index": 21, "removed_core_positions": [1, 3, 10, 26, 35, 37, 49], "status": "EXHAUSTED", "node_count": 7, "seconds": 0.000607708003371954, "pool_count": 58, "residual_triple_count": 73, "dual_bound": [351, 32]}
{"case_index": 22, "removed_core_positions": [1, 5, 10, 22, 23, 25, 29], "status": "EXHAUSTED", "node_count": 6, "seconds": 0.0006825419841334224, "pool_count": 54, "residual_triple_count": 71, "dual_bound": [351, 32]}
{"case_index": 23, "removed_core_positions": [1, 10, 14, 26, 35, 37, 49], "status": "EXHAUSTED", "node_count": 7, "seconds": 0.000490417005494237, "pool_count": 54, "residual_triple_count": 73, "dual_bound": [351, 32]}
{"case_index": 24, "removed_core_positions": [1, 4, 22, 23, 26, 35, 37], "status": "EXHAUSTED", "node_count": 5, "seconds": 0.0004723749589174986, "pool_count": 75, "residual_triple_count": 71, "dual_bound": [351, 32]}
{"case_index": 25, "removed_core_positions": [1, 5, 7, 15, 32, 48, 60], "status": "EXHAUSTED", "node_count": 5, "seconds": 0.0005082919960841537, "pool_count": 61, "residual_triple_count": 71, "dual_bound": [351, 32]}
{"case_index": 26, "removed_core_positions": [1, 7, 22, 25, 26, 29, 49], "status": "EXHAUSTED", "node_count": 5, "seconds": 0.0006026249611750245, "pool_count": 56, "residual_triple_count": 71, "dual_bound": [351, 32]}
{"case_index": 27, "removed_core_positions": [1, 3, 22, 25, 26, 29, 49], "status": "EXHAUSTED", "node_count": 5, "seconds": 0.0005020829848945141, "pool_count": 75, "residual_triple_count": 73, "dual_bound": [351, 32]}
{"case_index": 28, "removed_core_positions": [1, 10, 16, 22, 26, 29, 37], "status": "EXHAUSTED", "node_count": 3, "seconds": 0.0006751250475645065, "pool_count": 68, "residual_triple_count": 71, "dual_bound": [351, 32]}
{"case_index": 29, "removed_core_positions": [1, 5, 8, 12, 15, 48, 60], "status": "EXHAUSTED", "node_count": 5, "seconds": 0.0004664589650928974, "pool_count": 63, "residual_triple_count": 71, "dual_bound": [351, 32]}
{"case_index": 30, "removed_core_positions": [1, 5, 23, 25, 26, 35, 49], "status": "EXHAUSTED", "node_count": 6, "seconds": 0.0005177500424906611, "pool_count": 59, "residual_triple_count": 71, "dual_bound": [351, 32]}
{"case_index": 31, "removed_core_positions": [1, 5, 8, 12, 15, 19, 53], "status": "EXHAUSTED", "node_count": 5, "seconds": 0.0005207080394029617, "pool_count": 55, "residual_triple_count": 71, "dual_bound": [351, 32]}
{"case_index": 32, "removed_core_positions": [1, 2, 22, 23, 25, 35, 37], "status": "EXHAUSTED", "node_count": 4, "seconds": 0.00035141699481755495, "pool_count": 52, "residual_triple_count": 72, "dual_bound": [351, 32]}
{"case_index": 33, "removed_core_positions": [1, 3, 22, 23, 26, 35, 37], "status": "EXHAUSTED", "node_count": 4, "seconds": 0.0003522090846672654, "pool_count": 56, "residual_triple_count": 73, "dual_bound": [351, 32]}
{"case_index": 34, "removed_core_positions": [1, 4, 10, 26, 35, 37, 49], "status": "EXHAUSTED", "node_count": 7, "seconds": 0.000580916996113956, "pool_count": 67, "residual_triple_count": 71, "dual_bound": [351, 32]}
{"case_index": 35, "removed_core_positions": [1, 5, 7, 15, 19, 48, 53], "status": "EXHAUSTED", "node_count": 3, "seconds": 0.00031395803671330214, "pool_count": 61, "residual_triple_count": 71, "dual_bound": [351, 32]}
{"case_index": 36, "removed_core_positions": [1, 5, 10, 22, 26, 29, 37], "status": "EXHAUSTED", "node_count": 4, "seconds": 0.0003661250229924917, "pool_count": 63, "residual_triple_count": 71, "dual_bound": [351, 32]}
{"case_index": 37, "removed_core_positions": [1, 5, 22, 26, 35, 37, 49], "status": "EXHAUSTED", "node_count": 3, "seconds": 0.00032587500754743814, "pool_count": 56, "residual_triple_count": 71, "dual_bound": [351, 32]}
{"case_index": 38, "removed_core_positions": [1, 10, 14, 23, 25, 35, 49], "status": "EXHAUSTED", "node_count": 7, "seconds": 0.0005240000318735838, "pool_count": 62, "residual_triple_count": 73, "dual_bound": [351, 32]}
{"case_index": 39, "removed_core_positions": [1, 10, 16, 26, 35, 37, 49], "status": "EXHAUSTED", "node_count": 6, "seconds": 0.0004850829718634486, "pool_count": 63, "residual_triple_count": 71, "dual_bound": [351, 32]}
{"case_index": 40, "removed_core_positions": [1, 2, 10, 22, 23, 25, 29], "status": "EXHAUSTED", "node_count": 4, "seconds": 0.0004730420187115669, "pool_count": 54, "residual_triple_count": 72, "dual_bound": [351, 32]}
{"case_index": 41, "removed_core_positions": [1, 2, 10, 22, 26, 29, 37], "status": "EXHAUSTED", "node_count": 7, "seconds": 0.00048179191071540117, "pool_count": 53, "residual_triple_count": 72, "dual_bound": [351, 32]}
{"case_index": 42, "removed_core_positions": [1, 2, 22, 23, 25, 29, 35], "status": "EXHAUSTED", "node_count": 3, "seconds": 0.00030195899307727814, "pool_count": 55, "residual_triple_count": 72, "dual_bound": [351, 32]}
{"case_index": 43, "removed_core_positions": [1, 2, 22, 25, 26, 29, 37], "status": "EXHAUSTED", "node_count": 5, "seconds": 0.0009252079762518406, "pool_count": 62, "residual_triple_count": 72, "dual_bound": [351, 32]}
{"case_index": 44, "removed_core_positions": [1, 3, 23, 25, 26, 35, 49], "status": "EXHAUSTED", "node_count": 5, "seconds": 0.0004366670036688447, "pool_count": 58, "residual_triple_count": 73, "dual_bound": [351, 32]}
{"case_index": 45, "removed_core_positions": [1, 4, 10, 22, 26, 29, 37], "status": "EXHAUSTED", "node_count": 3, "seconds": 0.0003019169671460986, "pool_count": 62, "residual_triple_count": 71, "dual_bound": [351, 32]}
{"case_index": 46, "removed_core_positions": [1, 5, 7, 8, 19, 48, 53], "status": "EXHAUSTED", "node_count": 6, "seconds": 0.0007636250229552388, "pool_count": 65, "residual_triple_count": 71, "dual_bound": [351, 32]}
{"case_index": 47, "removed_core_positions": [1, 5, 8, 19, 48, 53, 60], "status": "EXHAUSTED", "node_count": 4, "seconds": 0.00033416692167520523, "pool_count": 53, "residual_triple_count": 71, "dual_bound": [351, 32]}
{"case_index": 48, "removed_core_positions": [1, 5, 8, 32, 48, 53, 60], "status": "EXHAUSTED", "node_count": 7, "seconds": 0.0005575420800596476, "pool_count": 58, "residual_triple_count": 71, "dual_bound": [351, 32]}
{"case_index": 49, "removed_core_positions": [1, 5, 22, 25, 26, 29, 37], "status": "EXHAUSTED", "node_count": 3, "seconds": 0.0003048339858651161, "pool_count": 53, "residual_triple_count": 71, "dual_bound": [351, 32]}
{"case_index": 50, "removed_core_positions": [1, 7, 15, 32, 48, 53, 60], "status": "EXHAUSTED", "node_count": 5, "seconds": 0.0005188341019675136, "pool_count": 60, "residual_triple_count": 71, "dual_bound": [351, 32]}
{"case_index": 51, "removed_core_positions": [1, 10, 14, 22, 26, 29, 37], "status": "EXHAUSTED", "node_count": 6, "seconds": 0.0005702089983969927, "pool_count": 58, "residual_triple_count": 73, "dual_bound": [351, 32]}
{"case_index": 52, "removed_core_positions": [1, 10, 21, 23, 25, 35, 49], "status": "EXHAUSTED", "node_count": 4, "seconds": 0.00037937506567686796, "pool_count": 62, "residual_triple_count": 71, "dual_bound": [351, 32]}
{"case_index": 53, "removed_core_positions": [1, 10, 22, 23, 25, 29, 51], "status": "EXHAUSTED", "node_count": 4, "seconds": 0.0004089169669896364, "pool_count": 54, "residual_triple_count": 73, "dual_bound": [351, 32]}
{"case_index": 54, "removed_core_positions": [1, 10, 22, 23, 24, 35, 37], "status": "EXHAUSTED", "node_count": 7, "seconds": 0.0005723750218749046, "pool_count": 60, "residual_triple_count": 73, "dual_bound": [801, 73]}
{"case_index": 55, "removed_core_positions": [1, 3, 10, 22, 23, 35, 37], "status": "EXHAUSTED", "node_count": 5, "seconds": 0.00067912507802248, "pool_count": 58, "residual_triple_count": 73, "dual_bound": [538, 49]}
{"case_index": 56, "removed_core_positions": [1, 4, 10, 22, 23, 35, 37], "status": "EXHAUSTED", "node_count": 5, "seconds": 0.00040208303835242987, "pool_count": 54, "residual_triple_count": 71, "dual_bound": [1131, 103]}
{"case_index": 57, "removed_core_positions": [1, 2, 10, 22, 23, 35, 37], "status": "EXHAUSTED", "node_count": 5, "seconds": 0.0009470420191064477, "pool_count": 51, "residual_triple_count": 72, "dual_bound": [648, 59]}
{"case_index": 58, "removed_core_positions": [1, 2, 22, 23, 25, 26, 29], "status": "EXHAUSTED", "node_count": 4, "seconds": 0.0004640420665964484, "pool_count": 60, "residual_triple_count": 72, "dual_bound": [813, 74]}
{"case_index": 59, "removed_core_positions": [1, 3, 22, 23, 25, 26, 29], "status": "EXHAUSTED", "node_count": 6, "seconds": 0.0005621250020340085, "pool_count": 64, "residual_triple_count": 73, "dual_bound": [813, 74]}
{"case_index": 60, "removed_core_positions": [1, 10, 22, 23, 35, 37, 51], "status": "EXHAUSTED", "node_count": 4, "seconds": 0.0005271669942885637, "pool_count": 66, "residual_triple_count": 73, "dual_bound": [813, 74]}
{"case_index": 61, "removed_core_positions": [1, 5, 8, 15, 48, 53, 60], "status": "EXHAUSTED", "node_count": 3, "seconds": 0.000404000049456954, "pool_count": 57, "residual_triple_count": 71, "dual_bound": [813, 74]}
{"case_index": 62, "removed_core_positions": [1, 5, 22, 23, 25, 26, 29], "status": "EXHAUSTED", "node_count": 3, "seconds": 0.00048537494149059057, "pool_count": 58, "residual_triple_count": 71, "dual_bound": [813, 74]}
{"case_index": 63, "removed_core_positions": [1, 5, 25, 26, 35, 37, 49], "status": "EXHAUSTED", "node_count": 3, "seconds": 0.00042691605631262064, "pool_count": 56, "residual_triple_count": 71, "dual_bound": [813, 74]}
{"case_index": 64, "removed_core_positions": [1, 5, 7, 8, 12, 15, 19], "status": "EXHAUSTED", "node_count": 4, "seconds": 0.00032904103863984346, "pool_count": 52, "residual_triple_count": 71, "dual_bound": [813, 74]}
{"case_index": 65, "removed_core_positions": [1, 5, 7, 19, 32, 48, 53], "status": "EXHAUSTED", "node_count": 5, "seconds": 0.0003815829986706376, "pool_count": 55, "residual_triple_count": 71, "dual_bound": [813, 74]}
{"case_index": 66, "removed_core_positions": [1, 5, 10, 22, 23, 35, 37], "status": "EXHAUSTED", "node_count": 5, "seconds": 0.000548708951100707, "pool_count": 54, "residual_triple_count": 71, "dual_bound": [813, 74]}
{"case_index": 67, "removed_core_positions": [1, 10, 14, 22, 23, 35, 37], "status": "EXHAUSTED", "node_count": 4, "seconds": 0.0003819999983534217, "pool_count": 65, "residual_triple_count": 73, "dual_bound": [813, 74]}
{"case_index": 68, "removed_core_positions": [1, 10, 22, 23, 35, 37, 41], "status": "EXHAUSTED", "node_count": 3, "seconds": 0.0003845000173896551, "pool_count": 74, "residual_triple_count": 71, "dual_bound": [813, 74]}
{"case_index": 69, "removed_core_positions": [1, 10, 16, 22, 23, 35, 37], "status": "EXHAUSTED", "node_count": 4, "seconds": 0.000365916988812387, "pool_count": 65, "residual_triple_count": 71, "dual_bound": [813, 74]}
{"case_index": 70, "removed_core_positions": [1, 5, 22, 23, 25, 29, 37], "status": "EXHAUSTED", "node_count": 4, "seconds": 0.0005608330247923732, "pool_count": 51, "residual_triple_count": 71, "dual_bound": [11, 1]}
{"case_index": 71, "removed_core_positions": [1, 5, 22, 23, 25, 29, 39], "status": "EXHAUSTED", "node_count": 6, "seconds": 0.00041916698683053255, "pool_count": 52, "residual_triple_count": 73, "dual_bound": [11, 1]}
{"case_index": 72, "removed_core_positions": [1, 5, 22, 23, 25, 29, 38], "status": "EXHAUSTED", "node_count": 4, "seconds": 0.0007953339954838157, "pool_count": 50, "residual_triple_count": 71, "dual_bound": [11, 1]}
{"case_index": 73, "removed_core_positions": [1, 5, 12, 22, 23, 25, 29], "status": "EXHAUSTED", "node_count": 4, "seconds": 0.0003815420204773545, "pool_count": 66, "residual_triple_count": 71, "dual_bound": [11, 1]}
{"case_index": 74, "removed_core_positions": [1, 5, 17, 22, 23, 25, 29], "status": "EXHAUSTED", "node_count": 6, "seconds": 0.0005110830534249544, "pool_count": 49, "residual_triple_count": 73, "dual_bound": [11, 1]}
{"case_index": 75, "removed_core_positions": [1, 5, 22, 23, 25, 29, 44], "status": "EXHAUSTED", "node_count": 4, "seconds": 0.00031308294273912907, "pool_count": 46, "residual_triple_count": 71, "dual_bound": [11, 1]}
{"case_index": 76, "removed_core_positions": [1, 5, 7, 22, 23, 25, 29], "status": "EXHAUSTED", "node_count": 5, "seconds": 0.00033241696655750275, "pool_count": 50, "residual_triple_count": 71, "dual_bound": [11, 1]}
{"case_index": 77, "removed_core_positions": [1, 3, 22, 25, 26, 29, 33], "status": "EXHAUSTED", "node_count": 7, "seconds": 0.0005212500691413879, "pool_count": 53, "residual_triple_count": 73, "dual_bound": [11, 1]}
{"case_index": 78, "removed_core_positions": [1, 5, 8, 15, 35, 48, 60], "status": "EXHAUSTED", "node_count": 3, "seconds": 0.00040962500497698784, "pool_count": 52, "residual_triple_count": 71, "dual_bound": [11, 1]}
{"case_index": 79, "removed_core_positions": [1, 2, 9, 28, 45, 50, 58], "status": "EXHAUSTED", "node_count": 5, "seconds": 0.0008737921016290784, "pool_count": 64, "residual_triple_count": 72, "dual_bound": [11, 1]}
{"case_index": 80, "removed_core_positions": [1, 2, 22, 25, 26, 29, 33], "status": "EXHAUSTED", "node_count": 4, "seconds": 0.00044229195918887854, "pool_count": 52, "residual_triple_count": 72, "dual_bound": [11, 1]}
{"case_index": 81, "removed_core_positions": [1, 3, 25, 26, 35, 44, 49], "status": "EXHAUSTED", "node_count": 5, "seconds": 0.0004189159953966737, "pool_count": 58, "residual_triple_count": 73, "dual_bound": [11, 1]}
{"case_index": 82, "removed_core_positions": [1, 5, 6, 22, 23, 25, 29], "status": "EXHAUSTED", "node_count": 5, "seconds": 0.0004940000362694263, "pool_count": 62, "residual_triple_count": 71, "dual_bound": [11, 1]}
{"case_index": 83, "removed_core_positions": [1, 5, 22, 23, 25, 29, 43], "status": "EXHAUSTED", "node_count": 4, "seconds": 0.00032037508208304644, "pool_count": 51, "residual_triple_count": 73, "dual_bound": [11, 1]}
{"case_index": 84, "removed_core_positions": [1, 3, 5, 22, 23, 25, 29], "status": "EXHAUSTED", "node_count": 5, "seconds": 0.0004466250538825989, "pool_count": 52, "residual_triple_count": 73, "dual_bound": [11, 1]}
{"case_index": 85, "removed_core_positions": [1, 3, 7, 22, 23, 35, 37], "status": "EXHAUSTED", "node_count": 6, "seconds": 0.0004770839586853981, "pool_count": 59, "residual_triple_count": 73, "dual_bound": [11, 1]}
{"case_index": 86, "removed_core_positions": [1, 4, 9, 28, 45, 50, 58], "status": "EXHAUSTED", "node_count": 6, "seconds": 0.0011559580452740192, "pool_count": 60, "residual_triple_count": 71, "dual_bound": [11, 1]}
{"case_index": 87, "removed_core_positions": [1, 5, 7, 19, 28, 48, 53], "status": "EXHAUSTED", "node_count": 5, "seconds": 0.0005488749593496323, "pool_count": 50, "residual_triple_count": 71, "dual_bound": [11, 1]}
{"case_index": 88, "removed_core_positions": [1, 5, 22, 23, 25, 29, 51], "status": "EXHAUSTED", "node_count": 5, "seconds": 0.0003552500857040286, "pool_count": 49, "residual_triple_count": 73, "dual_bound": [11, 1]}
{"case_index": 89, "removed_core_positions": [1, 5, 8, 10, 12, 15, 19], "status": "EXHAUSTED", "node_count": 6, "seconds": 0.0004093330353498459, "pool_count": 50, "residual_triple_count": 71, "dual_bound": [11, 1]}
{"case_index": 90, "removed_core_positions": [1, 5, 8, 48, 53, 54, 60], "status": "EXHAUSTED", "node_count": 4, "seconds": 0.0006587079260498285, "pool_count": 59, "residual_triple_count": 71, "dual_bound": [11, 1]}
{"case_index": 91, "removed_core_positions": [1, 5, 16, 22, 23, 25, 29], "status": "EXHAUSTED", "node_count": 6, "seconds": 0.00046374998055398464, "pool_count": 55, "residual_triple_count": 71, "dual_bound": [11, 1]}
{"case_index": 92, "removed_core_positions": [1, 5, 19, 22, 23, 25, 29], "status": "EXHAUSTED", "node_count": 5, "seconds": 0.0003378340043127537, "pool_count": 46, "residual_triple_count": 71, "dual_bound": [11, 1]}
{"case_index": 93, "removed_core_positions": [1, 5, 7, 9, 12, 15, 19], "status": "EXHAUSTED", "node_count": 5, "seconds": 0.00045375002082437277, "pool_count": 59, "residual_triple_count": 71, "dual_bound": [11, 1]}
{"case_index": 94, "removed_core_positions": [1, 2, 5, 22, 23, 25, 29], "status": "EXHAUSTED", "node_count": 5, "seconds": 0.00038520805537700653, "pool_count": 61, "residual_triple_count": 72, "dual_bound": [11, 1]}
{"case_index": 95, "removed_core_positions": [1, 4, 7, 22, 23, 35, 37], "status": "EXHAUSTED", "node_count": 6, "seconds": 0.00042941595893353224, "pool_count": 61, "residual_triple_count": 71, "dual_bound": [11, 1]}
{"case_index": 96, "removed_core_positions": [1, 2, 7, 22, 23, 35, 37], "status": "EXHAUSTED", "node_count": 6, "seconds": 0.00045116699766367674, "pool_count": 54, "residual_triple_count": 72, "dual_bound": [11, 1]}
{"case_index": 97, "removed_core_positions": [1, 5, 22, 23, 25, 29, 33], "status": "EXHAUSTED", "node_count": 3, "seconds": 0.0003196661127731204, "pool_count": 68, "residual_triple_count": 71, "dual_bound": [11, 1]}
{"case_index": 98, "removed_core_positions": [1, 3, 9, 28, 45, 50, 58], "status": "EXHAUSTED", "node_count": 5, "seconds": 0.00042399996891617775, "pool_count": 52, "residual_triple_count": 73, "dual_bound": [11, 1]}
{"case_index": 99, "removed_core_positions": [1, 5, 22, 23, 25, 27, 29], "status": "EXHAUSTED", "node_count": 4, "seconds": 0.000396291958168149, "pool_count": 70, "residual_triple_count": 71, "dual_bound": [11, 1]}
{"output": "experiments/2026-10-03/core-seven-independent/weighted-trees.json.gz", "sha256": "5f4d6127f7e2067996ed7dfb53d88039f11a80d99e0054cf0977829d7fbb87dc", "counts": {"EXHAUSTED": 100, "UNKNOWN": 0, "COVER_FOUND": 0}, "nodes": 491}
