Document:    Independent Six-Removal Kernel Enumeration Log
Version:     v1.0.0
Author:      Celaya Solutions
Contact:     hello@celayasolutions.com
Date:        2026-10-03
SHA256:      915b8618601b9ed13ac4782f1b8e026f98eab95d378ad8db821a83dd287e0faa
Chain:       n/a
Tx:          [not anchored]
License:     All Rights Reserved / Celaya Solutions

Command: python3 scripts/independent_core_six.py experiments/2026-10-03/core-six-scan/dual-reduced-candidates.json.gz experiments/2026-10-03/core-six-independent/weighted-trees.json.gz
Exit: 0
{"case_index": 0, "removed_core_positions": [1, 10, 22, 23, 25, 29], "status": "EXHAUSTED", "node_count": 5, "seconds": 0.000453457934781909, "pool_count": 51, "residual_triple_count": 63, "dual_bound": [319, 32]}
{"case_index": 1, "removed_core_positions": [1, 10, 22, 23, 35, 37], "status": "EXHAUSTED", "node_count": 3, "seconds": 0.0003212500596418977, "pool_count": 51, "residual_triple_count": 63, "dual_bound": [739, 74]}
{"case_index": 2, "removed_core_positions": [1, 5, 22, 23, 25, 29], "status": "EXHAUSTED", "node_count": 3, "seconds": 0.0003559589385986328, "pool_count": 45, "residual_triple_count": 63, "dual_bound": [10, 1]}
{"case_index": 3, "removed_core_positions": [1, 3, 22, 23, 35, 37], "status": "EXHAUSTED", "node_count": 4, "seconds": 0.00029770901892334223, "pool_count": 50, "residual_triple_count": 65, "dual_bound": [10, 1]}
{"case_index": 4, "removed_core_positions": [1, 5, 22, 25, 26, 29], "status": "EXHAUSTED", "node_count": 4, "seconds": 0.0003172080032527447, "pool_count": 53, "residual_triple_count": 63, "dual_bound": [10, 1]}
{"case_index": 5, "removed_core_positions": [1, 5, 7, 19, 48, 53], "status": "EXHAUSTED", "node_count": 5, "seconds": 0.0005482500419020653, "pool_count": 55, "residual_triple_count": 63, "dual_bound": [10, 1]}
{"case_index": 6, "removed_core_positions": [1, 5, 22, 23, 35, 37], "status": "EXHAUSTED", "node_count": 5, "seconds": 0.0003523749765008688, "pool_count": 48, "residual_triple_count": 63, "dual_bound": [10, 1]}
{"case_index": 7, "removed_core_positions": [1, 3, 22, 25, 26, 29], "status": "EXHAUSTED", "node_count": 5, "seconds": 0.000366249936632812, "pool_count": 49, "residual_triple_count": 65, "dual_bound": [10, 1]}
{"case_index": 8, "removed_core_positions": [1, 4, 26, 35, 37, 49], "status": "EXHAUSTED", "node_count": 4, "seconds": 0.00033312500454485416, "pool_count": 50, "residual_triple_count": 63, "dual_bound": [10, 1]}
{"case_index": 9, "removed_core_positions": [1, 5, 7, 12, 15, 19], "status": "EXHAUSTED", "node_count": 3, "seconds": 0.000240708002820611, "pool_count": 46, "residual_triple_count": 63, "dual_bound": [10, 1]}
{"case_index": 10, "removed_core_positions": [1, 5, 8, 48, 53, 60], "status": "EXHAUSTED", "node_count": 4, "seconds": 0.0003024589968845248, "pool_count": 53, "residual_triple_count": 63, "dual_bound": [10, 1]}
{"case_index": 11, "removed_core_positions": [1, 7, 15, 32, 48, 60], "status": "EXHAUSTED", "node_count": 5, "seconds": 0.0006000830326229334, "pool_count": 54, "residual_triple_count": 63, "dual_bound": [10, 1]}
{"case_index": 12, "removed_core_positions": [1, 14, 22, 23, 25, 29], "status": "EXHAUSTED", "node_count": 4, "seconds": 0.0002992090303450823, "pool_count": 48, "residual_triple_count": 65, "dual_bound": [10, 1]}
{"case_index": 13, "removed_core_positions": [1, 10, 22, 25, 26, 29], "status": "EXHAUSTED", "node_count": 5, "seconds": 0.0004052079748362303, "pool_count": 54, "residual_triple_count": 63, "dual_bound": [10, 1]}
{"case_index": 14, "removed_core_positions": [1, 14, 25, 26, 35, 49], "status": "EXHAUSTED", "node_count": 4, "seconds": 0.00029195903334766626, "pool_count": 44, "residual_triple_count": 65, "dual_bound": [10, 1]}
{"case_index": 15, "removed_core_positions": [1, 5, 26, 35, 37, 49], "status": "EXHAUSTED", "node_count": 4, "seconds": 0.0002834589686244726, "pool_count": 48, "residual_triple_count": 63, "dual_bound": [10, 1]}
{"case_index": 16, "removed_core_positions": [1, 22, 23, 25, 27, 29], "status": "EXHAUSTED", "node_count": 3, "seconds": 0.00025566702242940664, "pool_count": 51, "residual_triple_count": 63, "dual_bound": [10, 1]}
{"case_index": 17, "removed_core_positions": [1, 2, 22, 23, 35, 37], "status": "EXHAUSTED", "node_count": 4, "seconds": 0.00031700008548796177, "pool_count": 49, "residual_triple_count": 64, "dual_bound": [10, 1]}
{"case_index": 18, "removed_core_positions": [1, 16, 22, 23, 25, 29], "status": "EXHAUSTED", "node_count": 4, "seconds": 0.0003469580551609397, "pool_count": 42, "residual_triple_count": 63, "dual_bound": [10, 1]}
{"case_index": 19, "removed_core_positions": [1, 2, 22, 23, 25, 29], "status": "EXHAUSTED", "node_count": 4, "seconds": 0.0007504579843953252, "pool_count": 54, "residual_triple_count": 64, "dual_bound": [10, 1]}
{"case_index": 20, "removed_core_positions": [1, 5, 25, 26, 35, 49], "status": "EXHAUSTED", "node_count": 4, "seconds": 0.0005753750447183847, "pool_count": 54, "residual_triple_count": 63, "dual_bound": [10, 1]}
{"case_index": 21, "removed_core_positions": [1, 21, 25, 26, 35, 49], "status": "EXHAUSTED", "node_count": 3, "seconds": 0.0002922919811680913, "pool_count": 53, "residual_triple_count": 63, "dual_bound": [10, 1]}
{"case_index": 22, "removed_core_positions": [1, 5, 8, 12, 15, 19], "status": "EXHAUSTED", "node_count": 5, "seconds": 0.0003933330299332738, "pool_count": 48, "residual_triple_count": 63, "dual_bound": [10, 1]}
{"case_index": 23, "removed_core_positions": [1, 2, 22, 25, 26, 29], "status": "EXHAUSTED", "node_count": 4, "seconds": 0.00029904209077358246, "pool_count": 47, "residual_triple_count": 64, "dual_bound": [10, 1]}
{"case_index": 24, "removed_core_positions": [1, 22, 23, 25, 29, 43], "status": "EXHAUSTED", "node_count": 4, "seconds": 0.0004130000015720725, "pool_count": 75, "residual_triple_count": 65, "dual_bound": [10, 1]}
{"case_index": 25, "removed_core_positions": [1, 7, 22, 25, 26, 29], "status": "EXHAUSTED", "node_count": 4, "seconds": 0.00029533402994275093, "pool_count": 50, "residual_triple_count": 63, "dual_bound": [10, 1]}
{"case_index": 26, "removed_core_positions": [1, 3, 22, 23, 25, 29], "status": "EXHAUSTED", "node_count": 4, "seconds": 0.00039254105649888515, "pool_count": 65, "residual_triple_count": 65, "dual_bound": [10, 1]}
{"case_index": 27, "removed_core_positions": [1, 4, 22, 23, 35, 37], "status": "EXHAUSTED", "node_count": 4, "seconds": 0.00031999999191612005, "pool_count": 57, "residual_triple_count": 63, "dual_bound": [10, 1]}
{"case_index": 28, "removed_core_positions": [1, 3, 25, 26, 35, 49], "status": "EXHAUSTED", "node_count": 5, "seconds": 0.0005398329813033342, "pool_count": 60, "residual_triple_count": 65, "dual_bound": [10, 1]}
{"case_index": 29, "removed_core_positions": [1, 5, 8, 15, 48, 60], "status": "EXHAUSTED", "node_count": 3, "seconds": 0.0005273330025374889, "pool_count": 75, "residual_triple_count": 63, "dual_bound": [10, 1]}
{"case_index": 30, "removed_core_positions": [1, 14, 22, 23, 35, 37], "status": "EXHAUSTED", "node_count": 3, "seconds": 0.00038458395283669233, "pool_count": 80, "residual_triple_count": 65, "dual_bound": [10, 1]}
{"case_index": 31, "removed_core_positions": [1, 16, 22, 25, 26, 29], "status": "EXHAUSTED", "node_count": 4, "seconds": 0.00032537500374019146, "pool_count": 57, "residual_triple_count": 63, "dual_bound": [10, 1]}
{"case_index": 32, "removed_core_positions": [1, 22, 23, 24, 35, 37], "status": "EXHAUSTED", "node_count": 4, "seconds": 0.00031991698779165745, "pool_count": 59, "residual_triple_count": 65, "dual_bound": [10, 1]}
{"output": "experiments/2026-10-03/core-six-independent/weighted-trees.json.gz", "sha256": "fa7fd0ee844f14e7ae31f4b233ee89d24ee2cfb8126a20945cf4f601da4f8ab6", "counts": {"EXHAUSTED": 33, "UNKNOWN": 0, "COVER_FOUND": 0}, "nodes": 133}
