{"event":"start","seed":2026100354,"seconds":300,"workers":1,"anchor":1,"high_point":3,"initial_holes":58}
{"event":"operation","role":"forced_apply","mode":0,"before":"/Users/chriscelaya/Documents/covering64-search/experiments/scratch/fixed-link-profile-v1.0.0/pilots/shape-47-high-3-control0-before.txt","after":"/Users/chriscelaya/Documents/covering64-search/experiments/scratch/fixed-link-profile-v1.0.0/pilots/shape-47-high-3-control0-after.txt","removed":[[2,5,6,10,12],[2,4,10,11,14]],"added":[[2,4,5,10,12],[2,6,10,11,14]]}
{"event":"operation","role":"forced_apply","mode":1,"before":"/Users/chriscelaya/Documents/covering64-search/experiments/scratch/fixed-link-profile-v1.0.0/pilots/shape-47-high-3-control1-before.txt","after":"/Users/chriscelaya/Documents/covering64-search/experiments/scratch/fixed-link-profile-v1.0.0/pilots/shape-47-high-3-control1-after.txt","removed":[[7,8,11,14,16],[5,6,9,12,14]],"added":[[6,8,9,12,14],[5,7,11,14,16]]}
{"event":"operation","role":"forced_apply","mode":2,"before":"/Users/chriscelaya/Documents/covering64-search/experiments/scratch/fixed-link-profile-v1.0.0/pilots/shape-47-high-3-control2-before.txt","after":"/Users/chriscelaya/Documents/covering64-search/experiments/scratch/fixed-link-profile-v1.0.0/pilots/shape-47-high-3-control2-after.txt","removed":[[9,11,13,14,15],[7,8,11,14,16],[2,3,6,9,11],[3,5,7,8,9],[7,9,11,12,13]],"added":[[7,11,13,14,15],[7,8,9,11,16],[3,6,9,11,14],[2,3,7,8,9],[5,9,11,12,13]]}
{"event":"operation","role":"accepted_sample","mode":0,"before":"/Users/chriscelaya/Documents/covering64-search/experiments/scratch/fixed-link-profile-v1.0.0/pilots/shape-47-high-3-sample0-before.txt","after":"/Users/chriscelaya/Documents/covering64-search/experiments/scratch/fixed-link-profile-v1.0.0/pilots/shape-47-high-3-sample0-after.txt","removed":[[3,4,5,6,16],[2,7,11,13,15]],"added":[[2,4,5,6,16],[3,7,11,13,15]]}
{"event":"improvement","holes":56,"proposals":20629,"seconds":0.0299947}
{"event":"improvement","holes":55,"proposals":20631,"seconds":0.030339}
{"event":"improvement","holes":54,"proposals":21121,"seconds":0.0312957}
{"event":"improvement","holes":53,"proposals":22574,"seconds":0.033643}
{"event":"improvement","holes":50,"proposals":22861,"seconds":0.0341439}
{"event":"improvement","holes":49,"proposals":23763,"seconds":0.0355941}
{"event":"improvement","holes":47,"proposals":25124,"seconds":0.0377238}
{"event":"improvement","holes":46,"proposals":25160,"seconds":0.0380991}
{"event":"improvement","holes":45,"proposals":25290,"seconds":0.0384311}
{"event":"improvement","holes":44,"proposals":27996,"seconds":0.0422371}
{"event":"improvement","holes":43,"proposals":28115,"seconds":0.0426994}
{"event":"improvement","holes":42,"proposals":28160,"seconds":0.0433028}
{"event":"improvement","holes":41,"proposals":29079,"seconds":0.045359}
{"event":"improvement","holes":40,"proposals":29086,"seconds":0.0455589}
{"event":"improvement","holes":39,"proposals":29139,"seconds":0.045852}
{"event":"improvement","holes":38,"proposals":29256,"seconds":0.0462124}
{"event":"improvement","holes":36,"proposals":36403,"seconds":0.0572744}
{"event":"improvement","holes":34,"proposals":36806,"seconds":0.0584047}
{"event":"improvement","holes":33,"proposals":36901,"seconds":0.0587474}
{"event":"improvement","holes":32,"proposals":37100,"seconds":0.0594728}
{"event":"improvement","holes":31,"proposals":37716,"seconds":0.0608486}
{"event":"improvement","holes":30,"proposals":56547,"seconds":0.0819655}
{"event":"improvement","holes":29,"proposals":59398,"seconds":0.0860796}
{"event":"improvement","holes":28,"proposals":61257,"seconds":0.0888862}
{"event":"operation","role":"accepted_sample","mode":1,"before":"/Users/chriscelaya/Documents/covering64-search/experiments/scratch/fixed-link-profile-v1.0.0/pilots/shape-47-high-3-sample1-before.txt","after":"/Users/chriscelaya/Documents/covering64-search/experiments/scratch/fixed-link-profile-v1.0.0/pilots/shape-47-high-3-sample1-after.txt","removed":[[2,4,6,9,15],[4,5,10,11,15]],"added":[[2,4,6,11,15],[4,5,9,10,15]]}
{"event":"improvement","holes":27,"proposals":279558,"seconds":0.332921}
{"event":"improvement","holes":26,"proposals":281815,"seconds":0.335904}
{"event":"improvement","holes":25,"proposals":299494,"seconds":0.353881}
{"event":"operation","role":"accepted_sample","mode":0,"before":"/Users/chriscelaya/Documents/covering64-search/experiments/scratch/fixed-link-profile-v1.0.0/pilots/shape-47-high-3-sample2-before.txt","after":"/Users/chriscelaya/Documents/covering64-search/experiments/scratch/fixed-link-profile-v1.0.0/pilots/shape-47-high-3-sample2-after.txt","removed":[[4,6,8,10,11],[5,6,12,13,16]],"added":[[6,8,10,11,12],[4,5,6,13,16]]}
{"event":"operation","role":"accepted_sample","mode":0,"before":"/Users/chriscelaya/Documents/covering64-search/experiments/scratch/fixed-link-profile-v1.0.0/pilots/shape-47-high-3-sample3-before.txt","after":"/Users/chriscelaya/Documents/covering64-search/experiments/scratch/fixed-link-profile-v1.0.0/pilots/shape-47-high-3-sample3-after.txt","removed":[[4,6,7,11,14],[2,5,6,14,16]],"added":[[6,7,11,14,16],[2,4,5,6,14]]}
{"event":"operation","role":"accepted_sample","mode":0,"before":"/Users/chriscelaya/Documents/covering64-search/experiments/scratch/fixed-link-profile-v1.0.0/pilots/shape-47-high-3-sample4-before.txt","after":"/Users/chriscelaya/Documents/covering64-search/experiments/scratch/fixed-link-profile-v1.0.0/pilots/shape-47-high-3-sample4-after.txt","removed":[[2,3,9,12,14],[4,8,13,15,16]],"added":[[3,8,9,12,14],[2,4,13,15,16]]}
{"event":"operation","role":"accepted_sample","mode":0,"before":"/Users/chriscelaya/Documents/covering64-search/experiments/scratch/fixed-link-profile-v1.0.0/pilots/shape-47-high-3-sample5-before.txt","after":"/Users/chriscelaya/Documents/covering64-search/experiments/scratch/fixed-link-profile-v1.0.0/pilots/shape-47-high-3-sample5-after.txt","removed":[[2,3,4,11,14],[6,7,10,15,16]],"added":[[3,4,11,14,16],[2,6,7,10,15]]}
{"event":"operation","role":"accepted_sample","mode":0,"before":"/Users/chriscelaya/Documents/covering64-search/experiments/scratch/fixed-link-profile-v1.0.0/pilots/shape-47-high-3-sample6-before.txt","after":"/Users/chriscelaya/Documents/covering64-search/experiments/scratch/fixed-link-profile-v1.0.0/pilots/shape-47-high-3-sample6-after.txt","removed":[[2,5,6,9,14],[7,10,12,14,15]],"added":[[5,6,9,12,14],[2,7,10,14,15]]}
{"event":"operation","role":"accepted_sample","mode":0,"before":"/Users/chriscelaya/Documents/covering64-search/experiments/scratch/fixed-link-profile-v1.0.0/pilots/shape-47-high-3-sample7-before.txt","after":"/Users/chriscelaya/Documents/covering64-search/experiments/scratch/fixed-link-profile-v1.0.0/pilots/shape-47-high-3-sample7-after.txt","removed":[[2,3,5,11,15],[3,5,6,8,9]],"added":[[2,3,5,9,11],[3,5,6,8,15]]}
{"event":"operation","role":"accepted_sample","mode":1,"before":"/Users/chriscelaya/Documents/covering64-search/experiments/scratch/fixed-link-profile-v1.0.0/pilots/shape-47-high-3-sample8-before.txt","after":"/Users/chriscelaya/Documents/covering64-search/experiments/scratch/fixed-link-profile-v1.0.0/pilots/shape-47-high-3-sample8-after.txt","removed":[[7,8,10,11,13],[2,5,7,10,12]],"added":[[5,7,10,12,13],[2,7,8,10,11]]}
{"event":"operation","role":"accepted_sample","mode":0,"before":"/Users/chriscelaya/Documents/covering64-search/experiments/scratch/fixed-link-profile-v1.0.0/pilots/shape-47-high-3-sample9-before.txt","after":"/Users/chriscelaya/Documents/covering64-search/experiments/scratch/fixed-link-profile-v1.0.0/pilots/shape-47-high-3-sample9-after.txt","removed":[[4,6,9,12,14],[3,6,7,13,15]],"added":[[3,4,6,9,14],[6,7,12,13,15]]}
{"event":"improvement","holes":24,"proposals":2186598,"seconds":2.71114}
{"event":"improvement","holes":23,"proposals":2198098,"seconds":2.72353}
{"event":"operation","role":"accepted_sample","mode":0,"before":"/Users/chriscelaya/Documents/covering64-search/experiments/scratch/fixed-link-profile-v1.0.0/pilots/shape-47-high-3-sample10-before.txt","after":"/Users/chriscelaya/Documents/covering64-search/experiments/scratch/fixed-link-profile-v1.0.0/pilots/shape-47-high-3-sample10-after.txt","removed":[[5,10,11,13,15],[3,4,5,13,16]],"added":[[4,5,11,13,15],[3,5,10,13,16]]}
{"event":"operation","role":"accepted_sample","mode":1,"before":"/Users/chriscelaya/Documents/covering64-search/experiments/scratch/fixed-link-profile-v1.0.0/pilots/shape-47-high-3-sample11-before.txt","after":"/Users/chriscelaya/Documents/covering64-search/experiments/scratch/fixed-link-profile-v1.0.0/pilots/shape-47-high-3-sample11-after.txt","removed":[[11,13,14,15,16],[3,4,9,14,15]],"added":[[4,9,13,14,15],[3,11,14,15,16]]}
{"event":"improvement","holes":21,"proposals":3073380,"seconds":3.70272}
{"event":"improvement","holes":20,"proposals":30662104,"seconds":36.5432}
{"event":"improvement","holes":19,"proposals":99091552,"seconds":110.717}
{"event":"improvement","holes":18,"proposals":165382201,"seconds":180.365}
{"event":"finished","best_holes":18,"proposals":271517546,"seconds":300,"restarts":543,"sampled_operations":12,"attempted":[122194937,95026151,54296458],"accepted":[5601933,2404767,330658]}
