{"event":"start","seed":2026100353,"seconds":300,"workers":1,"anchor":1,"high_point":3,"initial_holes":59}
{"event":"operation","role":"forced_apply","mode":0,"before":"/Users/chriscelaya/Documents/covering64-search/experiments/scratch/fixed-link-profile-v1.0.0/pilots/shape-44-high-3-control0-before.txt","after":"/Users/chriscelaya/Documents/covering64-search/experiments/scratch/fixed-link-profile-v1.0.0/pilots/shape-44-high-3-control0-after.txt","removed":[[5,7,9,10,16],[8,9,11,14,15]],"added":[[5,7,9,10,15],[8,9,11,14,16]]}
{"event":"operation","role":"forced_apply","mode":1,"before":"/Users/chriscelaya/Documents/covering64-search/experiments/scratch/fixed-link-profile-v1.0.0/pilots/shape-44-high-3-control1-before.txt","after":"/Users/chriscelaya/Documents/covering64-search/experiments/scratch/fixed-link-profile-v1.0.0/pilots/shape-44-high-3-control1-after.txt","removed":[[2,3,7,10,12],[4,5,9,12,14]],"added":[[2,4,5,10,12],[3,7,9,12,14]]}
{"event":"operation","role":"forced_apply","mode":2,"before":"/Users/chriscelaya/Documents/covering64-search/experiments/scratch/fixed-link-profile-v1.0.0/pilots/shape-44-high-3-control2-before.txt","after":"/Users/chriscelaya/Documents/covering64-search/experiments/scratch/fixed-link-profile-v1.0.0/pilots/shape-44-high-3-control2-after.txt","removed":[[3,5,7,8,14],[3,4,12,13,15],[7,8,10,13,14],[2,4,9,10,14],[3,4,8,11,13]],"added":[[3,4,5,7,14],[3,4,8,13,15],[8,10,12,13,14],[2,4,7,10,14],[3,8,9,11,13]]}
{"event":"improvement","holes":56,"proposals":7828,"seconds":0.012256}
{"event":"improvement","holes":54,"proposals":7830,"seconds":0.0127911}
{"event":"operation","role":"accepted_sample","mode":0,"before":"/Users/chriscelaya/Documents/covering64-search/experiments/scratch/fixed-link-profile-v1.0.0/pilots/shape-44-high-3-sample0-before.txt","after":"/Users/chriscelaya/Documents/covering64-search/experiments/scratch/fixed-link-profile-v1.0.0/pilots/shape-44-high-3-sample0-after.txt","removed":[[5,6,10,13,15],[2,4,8,10,11]],"added":[[5,6,10,11,15],[2,4,8,10,13]]}
{"event":"improvement","holes":53,"proposals":19095,"seconds":0.0284222}
{"event":"improvement","holes":51,"proposals":19096,"seconds":0.0286793}
{"event":"improvement","holes":49,"proposals":19954,"seconds":0.0306383}
{"event":"improvement","holes":48,"proposals":20031,"seconds":0.0310881}
{"event":"improvement","holes":47,"proposals":23134,"seconds":0.0349912}
{"event":"improvement","holes":46,"proposals":23394,"seconds":0.0354669}
{"event":"improvement","holes":45,"proposals":23474,"seconds":0.0357178}
{"event":"improvement","holes":43,"proposals":23682,"seconds":0.0364344}
{"event":"improvement","holes":42,"proposals":37866,"seconds":0.058331}
{"event":"improvement","holes":41,"proposals":38323,"seconds":0.0594521}
{"event":"improvement","holes":40,"proposals":38738,"seconds":0.0601852}
{"event":"improvement","holes":39,"proposals":39093,"seconds":0.061049}
{"event":"improvement","holes":38,"proposals":39680,"seconds":0.0621522}
{"event":"improvement","holes":37,"proposals":41638,"seconds":0.0643872}
{"event":"improvement","holes":35,"proposals":43677,"seconds":0.0670274}
{"event":"improvement","holes":33,"proposals":44701,"seconds":0.0684457}
{"event":"improvement","holes":32,"proposals":44930,"seconds":0.0688458}
{"event":"improvement","holes":31,"proposals":46764,"seconds":0.0714591}
{"event":"improvement","holes":29,"proposals":47352,"seconds":0.0726046}
{"event":"improvement","holes":28,"proposals":50384,"seconds":0.0763336}
{"event":"improvement","holes":27,"proposals":75031,"seconds":0.103995}
{"event":"improvement","holes":26,"proposals":76105,"seconds":0.105602}
{"event":"operation","role":"accepted_sample","mode":0,"before":"/Users/chriscelaya/Documents/covering64-search/experiments/scratch/fixed-link-profile-v1.0.0/pilots/shape-44-high-3-sample1-before.txt","after":"/Users/chriscelaya/Documents/covering64-search/experiments/scratch/fixed-link-profile-v1.0.0/pilots/shape-44-high-3-sample1-after.txt","removed":[[3,9,11,12,16],[4,6,9,13,15]],"added":[[4,9,11,12,16],[3,6,9,13,15]]}
{"event":"operation","role":"accepted_sample","mode":0,"before":"/Users/chriscelaya/Documents/covering64-search/experiments/scratch/fixed-link-profile-v1.0.0/pilots/shape-44-high-3-sample2-before.txt","after":"/Users/chriscelaya/Documents/covering64-search/experiments/scratch/fixed-link-profile-v1.0.0/pilots/shape-44-high-3-sample2-after.txt","removed":[[2,4,10,13,16],[3,4,6,8,12]],"added":[[4,10,12,13,16],[2,3,4,6,8]]}
{"event":"improvement","holes":25,"proposals":457438,"seconds":0.53188}
{"event":"operation","role":"accepted_sample","mode":1,"before":"/Users/chriscelaya/Documents/covering64-search/experiments/scratch/fixed-link-profile-v1.0.0/pilots/shape-44-high-3-sample3-before.txt","after":"/Users/chriscelaya/Documents/covering64-search/experiments/scratch/fixed-link-profile-v1.0.0/pilots/shape-44-high-3-sample3-after.txt","removed":[[6,7,9,11,15],[5,6,10,11,15]],"added":[[5,6,7,11,15],[6,9,10,11,15]]}
{"event":"operation","role":"accepted_sample","mode":0,"before":"/Users/chriscelaya/Documents/covering64-search/experiments/scratch/fixed-link-profile-v1.0.0/pilots/shape-44-high-3-sample4-before.txt","after":"/Users/chriscelaya/Documents/covering64-search/experiments/scratch/fixed-link-profile-v1.0.0/pilots/shape-44-high-3-sample4-after.txt","removed":[[2,4,6,9,12],[8,9,11,14,16]],"added":[[2,6,9,11,12],[4,8,9,14,16]]}
{"event":"operation","role":"accepted_sample","mode":0,"before":"/Users/chriscelaya/Documents/covering64-search/experiments/scratch/fixed-link-profile-v1.0.0/pilots/shape-44-high-3-sample5-before.txt","after":"/Users/chriscelaya/Documents/covering64-search/experiments/scratch/fixed-link-profile-v1.0.0/pilots/shape-44-high-3-sample5-after.txt","removed":[[7,8,11,14,16],[2,4,8,15,16]],"added":[[2,7,8,14,16],[4,8,11,15,16]]}
{"event":"operation","role":"accepted_sample","mode":0,"before":"/Users/chriscelaya/Documents/covering64-search/experiments/scratch/fixed-link-profile-v1.0.0/pilots/shape-44-high-3-sample6-before.txt","after":"/Users/chriscelaya/Documents/covering64-search/experiments/scratch/fixed-link-profile-v1.0.0/pilots/shape-44-high-3-sample6-after.txt","removed":[[3,8,9,14,16],[2,3,8,12,15]],"added":[[2,3,8,9,14],[3,8,12,15,16]]}
{"event":"operation","role":"accepted_sample","mode":0,"before":"/Users/chriscelaya/Documents/covering64-search/experiments/scratch/fixed-link-profile-v1.0.0/pilots/shape-44-high-3-sample7-before.txt","after":"/Users/chriscelaya/Documents/covering64-search/experiments/scratch/fixed-link-profile-v1.0.0/pilots/shape-44-high-3-sample7-after.txt","removed":[[2,3,4,7,8],[4,6,8,13,15]],"added":[[2,4,7,8,13],[3,4,6,8,15]]}
{"event":"operation","role":"accepted_sample","mode":0,"before":"/Users/chriscelaya/Documents/covering64-search/experiments/scratch/fixed-link-profile-v1.0.0/pilots/shape-44-high-3-sample8-before.txt","after":"/Users/chriscelaya/Documents/covering64-search/experiments/scratch/fixed-link-profile-v1.0.0/pilots/shape-44-high-3-sample8-after.txt","removed":[[8,10,11,13,15],[2,3,4,10,15]],"added":[[2,8,10,13,15],[3,4,10,11,15]]}
{"event":"operation","role":"accepted_sample","mode":1,"before":"/Users/chriscelaya/Documents/covering64-search/experiments/scratch/fixed-link-profile-v1.0.0/pilots/shape-44-high-3-sample9-before.txt","after":"/Users/chriscelaya/Documents/covering64-search/experiments/scratch/fixed-link-profile-v1.0.0/pilots/shape-44-high-3-sample9-after.txt","removed":[[3,4,5,9,11],[2,4,5,11,15]],"added":[[2,3,4,5,11],[4,5,9,11,15]]}
{"event":"operation","role":"accepted_sample","mode":0,"before":"/Users/chriscelaya/Documents/covering64-search/experiments/scratch/fixed-link-profile-v1.0.0/pilots/shape-44-high-3-sample10-before.txt","after":"/Users/chriscelaya/Documents/covering64-search/experiments/scratch/fixed-link-profile-v1.0.0/pilots/shape-44-high-3-sample10-after.txt","removed":[[3,7,9,10,15],[8,10,11,12,13]],"added":[[7,9,10,13,15],[3,8,10,11,12]]}
{"event":"operation","role":"accepted_sample","mode":0,"before":"/Users/chriscelaya/Documents/covering64-search/experiments/scratch/fixed-link-profile-v1.0.0/pilots/shape-44-high-3-sample11-before.txt","after":"/Users/chriscelaya/Documents/covering64-search/experiments/scratch/fixed-link-profile-v1.0.0/pilots/shape-44-high-3-sample11-after.txt","removed":[[4,5,7,9,16],[6,11,12,14,15]],"added":[[5,7,9,15,16],[4,6,11,12,14]]}
{"event":"improvement","holes":24,"proposals":2396756,"seconds":2.93929}
{"event":"improvement","holes":22,"proposals":6180694,"seconds":6.98598}
{"event":"improvement","holes":21,"proposals":29596527,"seconds":35.5031}
{"event":"improvement","holes":20,"proposals":151781125,"seconds":166.639}
{"event":"finished","best_holes":20,"proposals":270658098,"seconds":300,"restarts":541,"sampled_operations":12,"attempted":[121787643,94748005,54122450],"accepted":[5585429,2402022,330336]}
