{"event":"start","seed":2026100352,"seconds":300,"workers":1,"anchor":1,"high_point":2,"initial_holes":45}
{"event":"operation","role":"forced_apply","mode":0,"before":"/Users/chriscelaya/Documents/covering64-search/experiments/scratch/fixed-link-profile-v1.0.0/pilots/shape-4-high-2-control0-before.txt","after":"/Users/chriscelaya/Documents/covering64-search/experiments/scratch/fixed-link-profile-v1.0.0/pilots/shape-4-high-2-control0-after.txt","removed":[[2,4,7,9,13],[3,5,8,10,14]],"added":[[2,4,7,9,14],[3,5,8,10,13]]}
{"event":"operation","role":"forced_apply","mode":1,"before":"/Users/chriscelaya/Documents/covering64-search/experiments/scratch/fixed-link-profile-v1.0.0/pilots/shape-4-high-2-control1-before.txt","after":"/Users/chriscelaya/Documents/covering64-search/experiments/scratch/fixed-link-profile-v1.0.0/pilots/shape-4-high-2-control1-after.txt","removed":[[3,4,6,13,14],[5,8,10,11,12]],"added":[[4,6,10,11,12],[3,5,8,13,14]]}
{"event":"operation","role":"forced_apply","mode":2,"before":"/Users/chriscelaya/Documents/covering64-search/experiments/scratch/fixed-link-profile-v1.0.0/pilots/shape-4-high-2-control2-before.txt","after":"/Users/chriscelaya/Documents/covering64-search/experiments/scratch/fixed-link-profile-v1.0.0/pilots/shape-4-high-2-control2-after.txt","removed":[[2,4,11,12,16],[5,9,11,14,16],[7,10,12,13,14],[3,10,11,15,16],[2,4,8,12,14],[6,7,11,12,14]],"added":[[2,4,6,11,16],[5,9,12,14,16],[7,10,11,13,14],[10,11,12,15,16],[2,3,8,12,14],[4,7,11,12,14]]}
{"event":"improvement","holes":44,"proposals":29316,"seconds":0.0348373}
{"event":"improvement","holes":43,"proposals":30562,"seconds":0.0367584}
{"event":"improvement","holes":42,"proposals":31865,"seconds":0.0384012}
{"event":"improvement","holes":41,"proposals":32510,"seconds":0.0392598}
{"event":"improvement","holes":40,"proposals":32695,"seconds":0.0396441}
{"event":"improvement","holes":39,"proposals":36470,"seconds":0.0434464}
{"event":"improvement","holes":38,"proposals":37589,"seconds":0.0448629}
{"event":"improvement","holes":37,"proposals":37818,"seconds":0.0453385}
{"event":"improvement","holes":35,"proposals":41033,"seconds":0.049174}
{"event":"improvement","holes":34,"proposals":42985,"seconds":0.0513321}
{"event":"improvement","holes":33,"proposals":46147,"seconds":0.0551611}
{"event":"improvement","holes":32,"proposals":47475,"seconds":0.0568803}
{"event":"improvement","holes":31,"proposals":51219,"seconds":0.0613735}
{"event":"improvement","holes":30,"proposals":51533,"seconds":0.0619895}
{"event":"improvement","holes":29,"proposals":51996,"seconds":0.0626797}
{"event":"improvement","holes":28,"proposals":53249,"seconds":0.0641925}
{"event":"improvement","holes":27,"proposals":62417,"seconds":0.0742805}
{"event":"improvement","holes":26,"proposals":85191,"seconds":0.0973003}
{"event":"operation","role":"accepted_sample","mode":0,"before":"/Users/chriscelaya/Documents/covering64-search/experiments/scratch/fixed-link-profile-v1.0.0/pilots/shape-4-high-2-sample0-before.txt","after":"/Users/chriscelaya/Documents/covering64-search/experiments/scratch/fixed-link-profile-v1.0.0/pilots/shape-4-high-2-sample0-after.txt","removed":[[10,11,12,13,15],[5,8,10,11,14]],"added":[[8,10,11,12,13],[5,10,11,14,15]]}
{"event":"improvement","holes":25,"proposals":479210,"seconds":0.504143}
{"event":"improvement","holes":23,"proposals":585761,"seconds":0.613186}
{"event":"improvement","holes":22,"proposals":596666,"seconds":0.623896}
{"event":"operation","role":"accepted_sample","mode":0,"before":"/Users/chriscelaya/Documents/covering64-search/experiments/scratch/fixed-link-profile-v1.0.0/pilots/shape-4-high-2-sample1-before.txt","after":"/Users/chriscelaya/Documents/covering64-search/experiments/scratch/fixed-link-profile-v1.0.0/pilots/shape-4-high-2-sample1-after.txt","removed":[[2,5,7,12,15],[10,13,14,15,16]],"added":[[2,5,7,14,15],[10,12,13,15,16]]}
{"event":"operation","role":"accepted_sample","mode":0,"before":"/Users/chriscelaya/Documents/covering64-search/experiments/scratch/fixed-link-profile-v1.0.0/pilots/shape-4-high-2-sample2-before.txt","after":"/Users/chriscelaya/Documents/covering64-search/experiments/scratch/fixed-link-profile-v1.0.0/pilots/shape-4-high-2-sample2-after.txt","removed":[[3,4,8,9,15],[5,6,7,8,14]],"added":[[4,8,9,14,15],[3,5,6,7,8]]}
{"event":"operation","role":"accepted_sample","mode":0,"before":"/Users/chriscelaya/Documents/covering64-search/experiments/scratch/fixed-link-profile-v1.0.0/pilots/shape-4-high-2-sample3-before.txt","after":"/Users/chriscelaya/Documents/covering64-search/experiments/scratch/fixed-link-profile-v1.0.0/pilots/shape-4-high-2-sample3-after.txt","removed":[[3,6,11,13,14],[9,10,11,15,16]],"added":[[3,11,13,14,16],[6,9,10,11,15]]}
{"event":"operation","role":"accepted_sample","mode":1,"before":"/Users/chriscelaya/Documents/covering64-search/experiments/scratch/fixed-link-profile-v1.0.0/pilots/shape-4-high-2-sample4-before.txt","after":"/Users/chriscelaya/Documents/covering64-search/experiments/scratch/fixed-link-profile-v1.0.0/pilots/shape-4-high-2-sample4-after.txt","removed":[[4,6,7,12,14],[4,10,11,12,14]],"added":[[4,6,10,12,14],[4,7,11,12,14]]}
{"event":"operation","role":"accepted_sample","mode":0,"before":"/Users/chriscelaya/Documents/covering64-search/experiments/scratch/fixed-link-profile-v1.0.0/pilots/shape-4-high-2-sample5-before.txt","after":"/Users/chriscelaya/Documents/covering64-search/experiments/scratch/fixed-link-profile-v1.0.0/pilots/shape-4-high-2-sample5-after.txt","removed":[[3,6,10,12,14],[5,6,7,8,14]],"added":[[3,5,6,12,14],[6,7,8,10,14]]}
{"event":"operation","role":"accepted_sample","mode":2,"before":"/Users/chriscelaya/Documents/covering64-search/experiments/scratch/fixed-link-profile-v1.0.0/pilots/shape-4-high-2-sample6-before.txt","after":"/Users/chriscelaya/Documents/covering64-search/experiments/scratch/fixed-link-profile-v1.0.0/pilots/shape-4-high-2-sample6-after.txt","removed":[[2,8,13,14,16],[3,4,6,11,16],[2,4,6,13,15]],"added":[[2,6,8,14,16],[3,4,6,11,13],[2,4,13,15,16]]}
{"event":"operation","role":"accepted_sample","mode":1,"before":"/Users/chriscelaya/Documents/covering64-search/experiments/scratch/fixed-link-profile-v1.0.0/pilots/shape-4-high-2-sample7-before.txt","after":"/Users/chriscelaya/Documents/covering64-search/experiments/scratch/fixed-link-profile-v1.0.0/pilots/shape-4-high-2-sample7-after.txt","removed":[[2,3,9,10,11],[4,6,7,9,14]],"added":[[2,3,9,10,14],[4,6,7,9,11]]}
{"event":"operation","role":"accepted_sample","mode":0,"before":"/Users/chriscelaya/Documents/covering64-search/experiments/scratch/fixed-link-profile-v1.0.0/pilots/shape-4-high-2-sample8-before.txt","after":"/Users/chriscelaya/Documents/covering64-search/experiments/scratch/fixed-link-profile-v1.0.0/pilots/shape-4-high-2-sample8-after.txt","removed":[[5,8,9,12,13],[6,7,9,11,16]],"added":[[5,6,8,9,13],[7,9,11,12,16]]}
{"event":"operation","role":"accepted_sample","mode":1,"before":"/Users/chriscelaya/Documents/covering64-search/experiments/scratch/fixed-link-profile-v1.0.0/pilots/shape-4-high-2-sample9-before.txt","after":"/Users/chriscelaya/Documents/covering64-search/experiments/scratch/fixed-link-profile-v1.0.0/pilots/shape-4-high-2-sample9-after.txt","removed":[[6,8,10,14,16],[8,10,12,14,15]],"added":[[6,8,10,12,14],[8,10,14,15,16]]}
{"event":"operation","role":"accepted_sample","mode":0,"before":"/Users/chriscelaya/Documents/covering64-search/experiments/scratch/fixed-link-profile-v1.0.0/pilots/shape-4-high-2-sample10-before.txt","after":"/Users/chriscelaya/Documents/covering64-search/experiments/scratch/fixed-link-profile-v1.0.0/pilots/shape-4-high-2-sample10-after.txt","removed":[[3,4,6,15,16],[4,6,7,11,13]],"added":[[3,4,6,13,15],[4,6,7,11,16]]}
{"event":"operation","role":"accepted_sample","mode":0,"before":"/Users/chriscelaya/Documents/covering64-search/experiments/scratch/fixed-link-profile-v1.0.0/pilots/shape-4-high-2-sample11-before.txt","after":"/Users/chriscelaya/Documents/covering64-search/experiments/scratch/fixed-link-profile-v1.0.0/pilots/shape-4-high-2-sample11-after.txt","removed":[[4,6,8,10,16],[5,8,11,14,16]],"added":[[5,6,8,10,16],[4,8,11,14,16]]}
{"event":"improvement","holes":21,"proposals":15388459,"seconds":17.8162}
{"event":"improvement","holes":20,"proposals":15389893,"seconds":17.8181}
{"event":"improvement","holes":19,"proposals":60864707,"seconds":68.15}
{"event":"improvement","holes":18,"proposals":60867724,"seconds":68.1538}
{"event":"improvement","holes":17,"proposals":60867913,"seconds":68.1542}
{"event":"finished","best_holes":17,"proposals":258086804,"seconds":300,"restarts":516,"sampled_operations":12,"attempted":[116142551,90331262,51612991],"accepted":[5314290,2277437,313019]}
