{"event":"start","seed":2026100351,"seconds":300,"workers":1,"anchor":1,"high_point":2,"initial_holes":60}
{"event":"operation","role":"forced_apply","mode":0,"before":"/Users/chriscelaya/Documents/covering64-search/experiments/scratch/fixed-link-profile-v1.0.0/pilots/shape-1-high-2-control0-before.txt","after":"/Users/chriscelaya/Documents/covering64-search/experiments/scratch/fixed-link-profile-v1.0.0/pilots/shape-1-high-2-control0-after.txt","removed":[[3,6,8,15,16],[4,8,9,10,13]],"added":[[4,6,8,15,16],[3,8,9,10,13]]}
{"event":"operation","role":"forced_apply","mode":1,"before":"/Users/chriscelaya/Documents/covering64-search/experiments/scratch/fixed-link-profile-v1.0.0/pilots/shape-1-high-2-control1-before.txt","after":"/Users/chriscelaya/Documents/covering64-search/experiments/scratch/fixed-link-profile-v1.0.0/pilots/shape-1-high-2-control1-after.txt","removed":[[3,10,11,13,16],[2,3,5,8,10]],"added":[[3,5,10,11,16],[2,3,8,10,13]]}
{"event":"operation","role":"forced_apply","mode":2,"before":"/Users/chriscelaya/Documents/covering64-search/experiments/scratch/fixed-link-profile-v1.0.0/pilots/shape-1-high-2-control2-before.txt","after":"/Users/chriscelaya/Documents/covering64-search/experiments/scratch/fixed-link-profile-v1.0.0/pilots/shape-1-high-2-control2-after.txt","removed":[[3,10,11,13,16],[6,10,11,12,15],[2,5,11,15,16],[3,5,8,9,16],[2,3,5,8,10],[4,5,6,9,15]],"added":[[9,10,11,13,16],[3,6,10,11,15],[5,11,12,15,16],[2,3,5,8,9],[3,5,8,10,16],[2,4,5,6,15]]}
{"event":"improvement","holes":58,"proposals":19616,"seconds":0.0240815}
{"event":"improvement","holes":56,"proposals":22687,"seconds":0.0276876}
{"event":"improvement","holes":52,"proposals":22855,"seconds":0.0282214}
{"event":"improvement","holes":51,"proposals":22984,"seconds":0.0285925}
{"event":"improvement","holes":50,"proposals":23311,"seconds":0.0291139}
{"event":"improvement","holes":49,"proposals":23407,"seconds":0.0293716}
{"event":"improvement","holes":48,"proposals":23495,"seconds":0.0296203}
{"event":"improvement","holes":47,"proposals":23532,"seconds":0.029821}
{"event":"improvement","holes":46,"proposals":25194,"seconds":0.0316109}
{"event":"improvement","holes":45,"proposals":26066,"seconds":0.0325742}
{"event":"improvement","holes":44,"proposals":26128,"seconds":0.0327662}
{"event":"improvement","holes":43,"proposals":26582,"seconds":0.0333362}
{"event":"improvement","holes":42,"proposals":26905,"seconds":0.0337687}
{"event":"improvement","holes":41,"proposals":28144,"seconds":0.0350493}
{"event":"improvement","holes":40,"proposals":29661,"seconds":0.0370949}
{"event":"improvement","holes":39,"proposals":29796,"seconds":0.0375232}
{"event":"improvement","holes":38,"proposals":31727,"seconds":0.0397199}
{"event":"improvement","holes":37,"proposals":32399,"seconds":0.0406018}
{"event":"improvement","holes":36,"proposals":34150,"seconds":0.0424577}
{"event":"improvement","holes":35,"proposals":36024,"seconds":0.0443954}
{"event":"improvement","holes":34,"proposals":43214,"seconds":0.0523397}
{"event":"improvement","holes":33,"proposals":43488,"seconds":0.0528297}
{"event":"improvement","holes":32,"proposals":47042,"seconds":0.0570616}
{"event":"improvement","holes":31,"proposals":53588,"seconds":0.0645692}
{"event":"improvement","holes":30,"proposals":53707,"seconds":0.0648853}
{"event":"improvement","holes":29,"proposals":60890,"seconds":0.0726675}
{"event":"improvement","holes":28,"proposals":71498,"seconds":0.0832226}
{"event":"improvement","holes":27,"proposals":71542,"seconds":0.0834291}
{"event":"operation","role":"accepted_sample","mode":0,"before":"/Users/chriscelaya/Documents/covering64-search/experiments/scratch/fixed-link-profile-v1.0.0/pilots/shape-1-high-2-sample0-before.txt","after":"/Users/chriscelaya/Documents/covering64-search/experiments/scratch/fixed-link-profile-v1.0.0/pilots/shape-1-high-2-sample0-after.txt","removed":[[4,6,10,11,13],[3,7,8,12,13]],"added":[[6,8,10,11,13],[3,4,7,12,13]]}
{"event":"improvement","holes":26,"proposals":182584,"seconds":0.195088}
{"event":"operation","role":"accepted_sample","mode":0,"before":"/Users/chriscelaya/Documents/covering64-search/experiments/scratch/fixed-link-profile-v1.0.0/pilots/shape-1-high-2-sample1-before.txt","after":"/Users/chriscelaya/Documents/covering64-search/experiments/scratch/fixed-link-profile-v1.0.0/pilots/shape-1-high-2-sample1-after.txt","removed":[[4,5,8,11,13],[4,8,10,12,14]],"added":[[4,8,11,12,13],[4,5,8,10,14]]}
{"event":"operation","role":"accepted_sample","mode":1,"before":"/Users/chriscelaya/Documents/covering64-search/experiments/scratch/fixed-link-profile-v1.0.0/pilots/shape-1-high-2-sample2-before.txt","after":"/Users/chriscelaya/Documents/covering64-search/experiments/scratch/fixed-link-profile-v1.0.0/pilots/shape-1-high-2-sample2-after.txt","removed":[[4,6,13,14,15],[3,5,9,13,15]],"added":[[4,5,13,14,15],[3,6,9,13,15]]}
{"event":"operation","role":"accepted_sample","mode":0,"before":"/Users/chriscelaya/Documents/covering64-search/experiments/scratch/fixed-link-profile-v1.0.0/pilots/shape-1-high-2-sample3-before.txt","after":"/Users/chriscelaya/Documents/covering64-search/experiments/scratch/fixed-link-profile-v1.0.0/pilots/shape-1-high-2-sample3-after.txt","removed":[[2,7,8,10,11],[2,3,4,9,11]],"added":[[2,3,7,10,11],[2,4,8,9,11]]}
{"event":"operation","role":"accepted_sample","mode":1,"before":"/Users/chriscelaya/Documents/covering64-search/experiments/scratch/fixed-link-profile-v1.0.0/pilots/shape-1-high-2-sample4-before.txt","after":"/Users/chriscelaya/Documents/covering64-search/experiments/scratch/fixed-link-profile-v1.0.0/pilots/shape-1-high-2-sample4-after.txt","removed":[[4,6,12,13,16],[2,9,10,12,15]],"added":[[2,9,10,12,16],[4,6,12,13,15]]}
{"event":"improvement","holes":25,"proposals":1172925,"seconds":1.24021}
{"event":"improvement","holes":24,"proposals":1173680,"seconds":1.24108}
{"event":"operation","role":"accepted_sample","mode":0,"before":"/Users/chriscelaya/Documents/covering64-search/experiments/scratch/fixed-link-profile-v1.0.0/pilots/shape-1-high-2-sample5-before.txt","after":"/Users/chriscelaya/Documents/covering64-search/experiments/scratch/fixed-link-profile-v1.0.0/pilots/shape-1-high-2-sample5-after.txt","removed":[[2,11,12,15,16],[5,8,10,13,15]],"added":[[2,8,11,12,15],[5,10,13,15,16]]}
{"event":"operation","role":"accepted_sample","mode":1,"before":"/Users/chriscelaya/Documents/covering64-search/experiments/scratch/fixed-link-profile-v1.0.0/pilots/shape-1-high-2-sample6-before.txt","after":"/Users/chriscelaya/Documents/covering64-search/experiments/scratch/fixed-link-profile-v1.0.0/pilots/shape-1-high-2-sample6-after.txt","removed":[[2,7,10,14,16],[2,9,10,11,14]],"added":[[2,10,11,14,16],[2,7,9,10,14]]}
{"event":"improvement","holes":23,"proposals":1380912,"seconds":1.46781}
{"event":"operation","role":"accepted_sample","mode":1,"before":"/Users/chriscelaya/Documents/covering64-search/experiments/scratch/fixed-link-profile-v1.0.0/pilots/shape-1-high-2-sample7-before.txt","after":"/Users/chriscelaya/Documents/covering64-search/experiments/scratch/fixed-link-profile-v1.0.0/pilots/shape-1-high-2-sample7-after.txt","removed":[[4,9,10,15,16],[3,4,5,7,10]],"added":[[4,7,9,10,16],[3,4,5,10,15]]}
{"event":"operation","role":"accepted_sample","mode":1,"before":"/Users/chriscelaya/Documents/covering64-search/experiments/scratch/fixed-link-profile-v1.0.0/pilots/shape-1-high-2-sample8-before.txt","after":"/Users/chriscelaya/Documents/covering64-search/experiments/scratch/fixed-link-profile-v1.0.0/pilots/shape-1-high-2-sample8-after.txt","removed":[[2,3,6,8,14],[3,4,8,14,15]],"added":[[2,3,4,8,14],[3,6,8,14,15]]}
{"event":"operation","role":"accepted_sample","mode":0,"before":"/Users/chriscelaya/Documents/covering64-search/experiments/scratch/fixed-link-profile-v1.0.0/pilots/shape-1-high-2-sample9-before.txt","after":"/Users/chriscelaya/Documents/covering64-search/experiments/scratch/fixed-link-profile-v1.0.0/pilots/shape-1-high-2-sample9-after.txt","removed":[[4,5,8,9,13],[2,3,4,9,14]],"added":[[2,4,5,9,13],[3,4,8,9,14]]}
{"event":"operation","role":"accepted_sample","mode":1,"before":"/Users/chriscelaya/Documents/covering64-search/experiments/scratch/fixed-link-profile-v1.0.0/pilots/shape-1-high-2-sample10-before.txt","after":"/Users/chriscelaya/Documents/covering64-search/experiments/scratch/fixed-link-profile-v1.0.0/pilots/shape-1-high-2-sample10-after.txt","removed":[[7,8,10,13,15],[3,6,11,13,15]],"added":[[8,10,11,13,15],[3,6,7,13,15]]}
{"event":"operation","role":"accepted_sample","mode":0,"before":"/Users/chriscelaya/Documents/covering64-search/experiments/scratch/fixed-link-profile-v1.0.0/pilots/shape-1-high-2-sample11-before.txt","after":"/Users/chriscelaya/Documents/covering64-search/experiments/scratch/fixed-link-profile-v1.0.0/pilots/shape-1-high-2-sample11-after.txt","removed":[[2,3,9,13,14],[4,5,8,14,16]],"added":[[2,3,5,9,14],[4,8,13,14,16]]}
{"event":"improvement","holes":20,"proposals":8176071,"seconds":8.56956}
{"event":"improvement","holes":19,"proposals":22394342,"seconds":25.0773}
{"event":"improvement","holes":18,"proposals":48100115,"seconds":52.7335}
{"event":"improvement","holes":17,"proposals":71292581,"seconds":78.9991}
{"event":"finished","best_holes":17,"proposals":260763518,"seconds":300,"restarts":521,"sampled_operations":12,"attempted":[117348311,91259277,52155930],"accepted":[5374071,2304682,317368]}
