{"event":"start","seed":2026100372,"seconds":300,"workers":1,"catalog":"cycle","initial_holes":60}
{"event":"operation","role":"forced_apply","mode":0,"before":"/Users/chriscelaya/Documents/covering64-search/experiments/scratch/four-seven-template-native-v1.0.0/pilots/cycle-control0-before.txt","after":"/Users/chriscelaya/Documents/covering64-search/experiments/scratch/four-seven-template-native-v1.0.0/pilots/cycle-control0-after.txt","removed":[[3,4,7,10,13],[4,6,10,14,16]],"added":[[3,4,7,10,14],[4,6,10,13,16]],"template_group":0,"template_before":0,"template_after":0}
{"event":"operation","role":"forced_apply","mode":1,"before":"/Users/chriscelaya/Documents/covering64-search/experiments/scratch/four-seven-template-native-v1.0.0/pilots/cycle-control1-before.txt","after":"/Users/chriscelaya/Documents/covering64-search/experiments/scratch/four-seven-template-native-v1.0.0/pilots/cycle-control1-after.txt","removed":[[3,6,9,12,13],[3,4,8,11,15]],"added":[[3,6,11,12,15],[3,4,8,9,13]],"template_group":0,"template_before":0,"template_after":0}
{"event":"operation","role":"forced_apply","mode":2,"before":"/Users/chriscelaya/Documents/covering64-search/experiments/scratch/four-seven-template-native-v1.0.0/pilots/cycle-control2-before.txt","after":"/Users/chriscelaya/Documents/covering64-search/experiments/scratch/four-seven-template-native-v1.0.0/pilots/cycle-control2-after.txt","removed":[[2,4,7,9,12],[4,7,11,15,16],[3,4,9,12,14]],"added":[[4,7,9,12,14],[2,4,7,11,16],[3,4,9,12,15]],"template_group":0,"template_before":0,"template_after":0}
{"event":"operation","role":"forced_apply","mode":3,"before":"/Users/chriscelaya/Documents/covering64-search/experiments/scratch/four-seven-template-native-v1.0.0/pilots/cycle-control3-before.txt","after":"/Users/chriscelaya/Documents/covering64-search/experiments/scratch/four-seven-template-native-v1.0.0/pilots/cycle-control3-after.txt","removed":[[1,4,5,6,7],[2,5,6,7,13],[3,5,6,7,11],[5,6,7,8,9],[5,6,7,8,10],[5,6,7,12,14],[5,6,7,15,16]],"added":[[1,5,6,7,13],[2,5,6,7,9],[3,5,6,7,10],[4,5,6,7,8],[5,6,7,8,16],[5,6,7,11,15],[5,6,7,12,14]],"template_group":2,"template_before":23172,"template_after":12312}
{"event":"improvement","holes":59,"proposals":14,"seconds":0.000366083}
{"event":"improvement","holes":56,"proposals":16,"seconds":0.000600416}
{"event":"improvement","holes":55,"proposals":83,"seconds":0.000965708}
{"event":"improvement","holes":54,"proposals":89,"seconds":0.00124746}
{"event":"operation","role":"accepted_sample","mode":0,"before":"/Users/chriscelaya/Documents/covering64-search/experiments/scratch/four-seven-template-native-v1.0.0/pilots/cycle-sample0-before.txt","after":"/Users/chriscelaya/Documents/covering64-search/experiments/scratch/four-seven-template-native-v1.0.0/pilots/cycle-sample0-after.txt","removed":[[2,5,8,12,13],[2,6,9,12,14]],"added":[[2,5,9,12,13],[2,6,8,12,14]],"template_group":0,"template_before":0,"template_after":0}
{"event":"operation","role":"accepted_sample","mode":3,"before":"/Users/chriscelaya/Documents/covering64-search/experiments/scratch/four-seven-template-native-v1.0.0/pilots/cycle-sample1-before.txt","after":"/Users/chriscelaya/Documents/covering64-search/experiments/scratch/four-seven-template-native-v1.0.0/pilots/cycle-sample1-after.txt","removed":[[1,2,3,4,6],[1,2,3,4,12],[1,2,3,5,14],[1,2,3,7,8],[1,2,3,9,16],[1,2,3,10,15],[1,2,3,11,13]],"added":[[1,2,3,4,6],[1,2,3,4,8],[1,2,3,5,16],[1,2,3,7,15],[1,2,3,9,14],[1,2,3,10,13],[1,2,3,11,12]],"template_group":1,"template_before":6186,"template_after":4542}
{"event":"improvement","holes":53,"proposals":20637,"seconds":0.0273003}
{"event":"improvement","holes":52,"proposals":21299,"seconds":0.0283821}
{"event":"improvement","holes":51,"proposals":21456,"seconds":0.0288097}
{"event":"improvement","holes":50,"proposals":33223,"seconds":0.0415594}
{"event":"improvement","holes":49,"proposals":33703,"seconds":0.0423155}
{"event":"improvement","holes":48,"proposals":35536,"seconds":0.0449168}
{"event":"improvement","holes":47,"proposals":36771,"seconds":0.0464718}
{"event":"improvement","holes":44,"proposals":39148,"seconds":0.0491424}
{"event":"improvement","holes":43,"proposals":39406,"seconds":0.0495707}
{"event":"improvement","holes":42,"proposals":40378,"seconds":0.0507845}
{"event":"improvement","holes":41,"proposals":41297,"seconds":0.0519143}
{"event":"improvement","holes":40,"proposals":41314,"seconds":0.0521559}
{"event":"improvement","holes":38,"proposals":42097,"seconds":0.0533018}
{"event":"improvement","holes":36,"proposals":42368,"seconds":0.0537801}
{"event":"improvement","holes":35,"proposals":50659,"seconds":0.0628201}
{"event":"improvement","holes":34,"proposals":68506,"seconds":0.0836564}
{"event":"operation","role":"accepted_sample","mode":3,"before":"/Users/chriscelaya/Documents/covering64-search/experiments/scratch/four-seven-template-native-v1.0.0/pilots/cycle-sample2-before.txt","after":"/Users/chriscelaya/Documents/covering64-search/experiments/scratch/four-seven-template-native-v1.0.0/pilots/cycle-sample2-after.txt","removed":[[1,2,3,4,9],[1,2,3,4,16],[1,2,3,5,12],[1,2,3,6,13],[1,2,3,7,8],[1,2,3,10,14],[1,2,3,11,15]],"added":[[1,2,3,4,5],[1,2,3,4,9],[1,2,3,6,12],[1,2,3,7,14],[1,2,3,8,16],[1,2,3,10,13],[1,2,3,11,15]],"template_group":1,"template_before":16897,"template_after":1043}
{"event":"operation","role":"accepted_sample","mode":3,"before":"/Users/chriscelaya/Documents/covering64-search/experiments/scratch/four-seven-template-native-v1.0.0/pilots/cycle-sample3-before.txt","after":"/Users/chriscelaya/Documents/covering64-search/experiments/scratch/four-seven-template-native-v1.0.0/pilots/cycle-sample3-after.txt","removed":[[1,9,10,11,12],[2,9,10,11,16],[3,7,9,10,11],[4,5,9,10,11],[6,9,10,11,13],[8,9,10,11,14],[9,10,11,12,15]],"added":[[1,8,9,10,11],[2,9,10,11,13],[3,4,9,10,11],[5,9,10,11,12],[6,9,10,11,12],[7,9,10,11,14],[9,10,11,15,16]],"template_group":3,"template_before":16499,"template_after":147}
{"event":"operation","role":"accepted_sample","mode":3,"before":"/Users/chriscelaya/Documents/covering64-search/experiments/scratch/four-seven-template-native-v1.0.0/pilots/cycle-sample4-before.txt","after":"/Users/chriscelaya/Documents/covering64-search/experiments/scratch/four-seven-template-native-v1.0.0/pilots/cycle-sample4-after.txt","removed":[[1,5,6,7,14],[2,5,6,7,8],[3,5,6,7,15],[4,5,6,7,10],[5,6,7,8,16],[5,6,7,9,13],[5,6,7,11,12]],"added":[[1,5,6,7,14],[2,5,6,7,11],[3,5,6,7,15],[4,5,6,7,8],[5,6,7,8,16],[5,6,7,9,12],[5,6,7,10,13]],"template_group":2,"template_before":6081,"template_after":12378}
{"event":"operation","role":"accepted_sample","mode":3,"before":"/Users/chriscelaya/Documents/covering64-search/experiments/scratch/four-seven-template-native-v1.0.0/pilots/cycle-sample5-before.txt","after":"/Users/chriscelaya/Documents/covering64-search/experiments/scratch/four-seven-template-native-v1.0.0/pilots/cycle-sample5-after.txt","removed":[[1,2,3,4,11],[1,2,3,4,14],[1,2,3,5,10],[1,2,3,6,16],[1,2,3,7,13],[1,2,3,8,15],[1,2,3,9,12]],"added":[[1,2,3,4,15],[1,2,3,4,16],[1,2,3,5,11],[1,2,3,6,9],[1,2,3,7,13],[1,2,3,8,10],[1,2,3,12,14]],"template_group":1,"template_before":20800,"template_after":24815}
{"event":"improvement","holes":33,"proposals":572800,"seconds":0.675631}
{"event":"improvement","holes":32,"proposals":584161,"seconds":0.689273}
{"event":"operation","role":"accepted_sample","mode":3,"before":"/Users/chriscelaya/Documents/covering64-search/experiments/scratch/four-seven-template-native-v1.0.0/pilots/cycle-sample6-before.txt","after":"/Users/chriscelaya/Documents/covering64-search/experiments/scratch/four-seven-template-native-v1.0.0/pilots/cycle-sample6-after.txt","removed":[[1,2,3,4,7],[1,2,3,4,16],[1,2,3,5,11],[1,2,3,6,10],[1,2,3,8,15],[1,2,3,9,13],[1,2,3,12,14]],"added":[[1,2,3,4,10],[1,2,3,4,14],[1,2,3,5,8],[1,2,3,6,13],[1,2,3,7,9],[1,2,3,11,15],[1,2,3,12,16]],"template_group":1,"template_before":10865,"template_after":18390}
{"event":"operation","role":"accepted_sample","mode":0,"before":"/Users/chriscelaya/Documents/covering64-search/experiments/scratch/four-seven-template-native-v1.0.0/pilots/cycle-sample7-before.txt","after":"/Users/chriscelaya/Documents/covering64-search/experiments/scratch/four-seven-template-native-v1.0.0/pilots/cycle-sample7-after.txt","removed":[[3,5,9,14,16],[1,4,5,10,14]],"added":[[1,5,9,14,16],[3,4,5,10,14]],"template_group":0,"template_before":0,"template_after":0}
{"event":"improvement","holes":31,"proposals":998275,"seconds":1.17896}
{"event":"operation","role":"accepted_sample","mode":2,"before":"/Users/chriscelaya/Documents/covering64-search/experiments/scratch/four-seven-template-native-v1.0.0/pilots/cycle-sample8-before.txt","after":"/Users/chriscelaya/Documents/covering64-search/experiments/scratch/four-seven-template-native-v1.0.0/pilots/cycle-sample8-after.txt","removed":[[2,7,9,12,15],[3,4,11,12,16],[3,6,8,12,16],[1,7,10,13,16],[1,4,5,10,14]],"added":[[2,7,10,12,15],[3,4,9,12,16],[3,6,8,11,16],[1,7,10,12,13],[1,4,5,14,16]],"template_group":0,"template_before":0,"template_after":0}
{"event":"operation","role":"accepted_sample","mode":0,"before":"/Users/chriscelaya/Documents/covering64-search/experiments/scratch/four-seven-template-native-v1.0.0/pilots/cycle-sample9-before.txt","after":"/Users/chriscelaya/Documents/covering64-search/experiments/scratch/four-seven-template-native-v1.0.0/pilots/cycle-sample9-after.txt","removed":[[1,6,9,15,16],[2,5,10,15,16]],"added":[[1,6,10,15,16],[2,5,9,15,16]],"template_group":0,"template_before":0,"template_after":0}
{"event":"improvement","holes":30,"proposals":1369173,"seconds":1.61086}
{"event":"improvement","holes":29,"proposals":1373263,"seconds":1.61605}
{"event":"improvement","holes":28,"proposals":1375724,"seconds":1.6193}
{"event":"improvement","holes":26,"proposals":1385561,"seconds":1.63109}
{"event":"improvement","holes":25,"proposals":1386122,"seconds":1.63209}
{"event":"operation","role":"accepted_sample","mode":1,"before":"/Users/chriscelaya/Documents/covering64-search/experiments/scratch/four-seven-template-native-v1.0.0/pilots/cycle-sample10-before.txt","after":"/Users/chriscelaya/Documents/covering64-search/experiments/scratch/four-seven-template-native-v1.0.0/pilots/cycle-sample10-after.txt","removed":[[3,4,6,14,16],[3,6,8,10,16]],"added":[[3,6,10,14,16],[3,4,6,8,16]],"template_group":0,"template_before":0,"template_after":0}
{"event":"operation","role":"accepted_sample","mode":0,"before":"/Users/chriscelaya/Documents/covering64-search/experiments/scratch/four-seven-template-native-v1.0.0/pilots/cycle-sample11-before.txt","after":"/Users/chriscelaya/Documents/covering64-search/experiments/scratch/four-seven-template-native-v1.0.0/pilots/cycle-sample11-after.txt","removed":[[3,6,8,9,16],[3,4,10,12,13]],"added":[[3,8,9,13,16],[3,4,6,10,12]],"template_group":0,"template_before":0,"template_after":0}
{"event":"improvement","holes":24,"proposals":9392173,"seconds":13.3902}
{"event":"improvement","holes":22,"proposals":50585634,"seconds":85.4127}
{"event":"improvement","holes":20,"proposals":50586467,"seconds":85.4153}
{"event":"improvement","holes":19,"proposals":50589821,"seconds":85.4215}
{"event":"finished","best_holes":19,"proposals":209182374,"seconds":300,"restarts":418,"sampled_operations":12,"attempted":[73224589,52290645,31367080,52300060],"accepted":[1490651,560490,23488,917332]}
