{"event":"start","seed":2026100371,"seconds":300,"workers":1,"catalog":"matching","initial_holes":62}
{"event":"operation","role":"forced_apply","mode":0,"before":"/Users/chriscelaya/Documents/covering64-search/experiments/scratch/four-seven-template-native-v1.0.0/pilots/matching-control0-before.txt","after":"/Users/chriscelaya/Documents/covering64-search/experiments/scratch/four-seven-template-native-v1.0.0/pilots/matching-control0-after.txt","removed":[[2,6,10,12,16],[2,8,11,13,16]],"added":[[2,6,10,13,16],[2,8,11,12,16]],"template_group":0,"template_before":0,"template_after":0}
{"event":"operation","role":"forced_apply","mode":1,"before":"/Users/chriscelaya/Documents/covering64-search/experiments/scratch/four-seven-template-native-v1.0.0/pilots/matching-control1-before.txt","after":"/Users/chriscelaya/Documents/covering64-search/experiments/scratch/four-seven-template-native-v1.0.0/pilots/matching-control1-after.txt","removed":[[1,8,10,15,16],[2,6,8,12,14]],"added":[[2,8,10,12,14],[1,6,8,15,16]],"template_group":0,"template_before":0,"template_after":0}
{"event":"operation","role":"forced_apply","mode":2,"before":"/Users/chriscelaya/Documents/covering64-search/experiments/scratch/four-seven-template-native-v1.0.0/pilots/matching-control2-before.txt","after":"/Users/chriscelaya/Documents/covering64-search/experiments/scratch/four-seven-template-native-v1.0.0/pilots/matching-control2-after.txt","removed":[[4,6,10,14,16],[3,6,8,10,13],[3,4,8,11,15]],"added":[[3,4,6,10,14],[3,8,10,13,16],[4,6,8,11,15]],"template_group":0,"template_before":0,"template_after":0}
{"event":"operation","role":"forced_apply","mode":3,"before":"/Users/chriscelaya/Documents/covering64-search/experiments/scratch/four-seven-template-native-v1.0.0/pilots/matching-control3-before.txt","after":"/Users/chriscelaya/Documents/covering64-search/experiments/scratch/four-seven-template-native-v1.0.0/pilots/matching-control3-after.txt","removed":[[1,9,10,11,14],[2,6,9,10,11],[3,4,9,10,11],[5,9,10,11,12],[7,9,10,11,15],[8,9,10,11,16],[9,10,11,12,13]],"added":[[1,9,10,11,14],[2,9,10,11,12],[3,6,9,10,11],[4,7,9,10,11],[5,9,10,11,15],[8,9,10,11,12],[9,10,11,13,16]],"template_group":3,"template_before":1000,"template_after":9415}
{"event":"improvement","holes":61,"proposals":11,"seconds":0.000306084}
{"event":"improvement","holes":60,"proposals":21,"seconds":0.000524292}
{"event":"improvement","holes":58,"proposals":56,"seconds":0.00106696}
{"event":"improvement","holes":57,"proposals":185,"seconds":0.00151171}
{"event":"improvement","holes":56,"proposals":215,"seconds":0.00174825}
{"event":"improvement","holes":55,"proposals":24147,"seconds":0.0307286}
{"event":"improvement","holes":54,"proposals":25243,"seconds":0.0320843}
{"event":"improvement","holes":51,"proposals":27046,"seconds":0.0339379}
{"event":"improvement","holes":50,"proposals":27719,"seconds":0.034969}
{"event":"improvement","holes":49,"proposals":27937,"seconds":0.0356069}
{"event":"improvement","holes":48,"proposals":32861,"seconds":0.041072}
{"event":"improvement","holes":47,"proposals":33057,"seconds":0.0414692}
{"event":"improvement","holes":46,"proposals":36607,"seconds":0.0453392}
{"event":"improvement","holes":45,"proposals":36700,"seconds":0.0456138}
{"event":"improvement","holes":44,"proposals":39889,"seconds":0.0493018}
{"event":"improvement","holes":43,"proposals":40540,"seconds":0.050108}
{"event":"improvement","holes":42,"proposals":42829,"seconds":0.0525974}
{"event":"improvement","holes":40,"proposals":43536,"seconds":0.0534482}
{"event":"improvement","holes":39,"proposals":44148,"seconds":0.0541846}
{"event":"improvement","holes":38,"proposals":45310,"seconds":0.0558283}
{"event":"improvement","holes":37,"proposals":48488,"seconds":0.0593493}
{"event":"improvement","holes":36,"proposals":52091,"seconds":0.0632006}
{"event":"improvement","holes":35,"proposals":70534,"seconds":0.082104}
{"event":"improvement","holes":34,"proposals":85085,"seconds":0.0963604}
{"event":"operation","role":"accepted_sample","mode":0,"before":"/Users/chriscelaya/Documents/covering64-search/experiments/scratch/four-seven-template-native-v1.0.0/pilots/matching-sample0-before.txt","after":"/Users/chriscelaya/Documents/covering64-search/experiments/scratch/four-seven-template-native-v1.0.0/pilots/matching-sample0-after.txt","removed":[[1,5,9,12,16],[3,6,8,11,14]],"added":[[1,5,9,14,16],[3,6,8,11,12]],"template_group":0,"template_before":0,"template_after":0}
{"event":"improvement","holes":33,"proposals":586351,"seconds":0.64449}
{"event":"improvement","holes":32,"proposals":662231,"seconds":0.728434}
{"event":"improvement","holes":31,"proposals":677877,"seconds":0.745071}
{"event":"improvement","holes":30,"proposals":1088413,"seconds":1.19267}
{"event":"improvement","holes":29,"proposals":1092615,"seconds":1.19728}
{"event":"improvement","holes":28,"proposals":1094607,"seconds":1.19987}
{"event":"improvement","holes":27,"proposals":1094670,"seconds":1.20013}
{"event":"improvement","holes":26,"proposals":1095896,"seconds":1.20162}
{"event":"improvement","holes":25,"proposals":1097025,"seconds":1.20316}
{"event":"operation","role":"accepted_sample","mode":1,"before":"/Users/chriscelaya/Documents/covering64-search/experiments/scratch/four-seven-template-native-v1.0.0/pilots/matching-sample1-before.txt","after":"/Users/chriscelaya/Documents/covering64-search/experiments/scratch/four-seven-template-native-v1.0.0/pilots/matching-sample1-after.txt","removed":[[1,7,8,10,15],[1,7,10,12,16]],"added":[[1,7,10,15,16],[1,7,8,10,12]],"template_group":0,"template_before":0,"template_after":0}
{"event":"operation","role":"accepted_sample","mode":0,"before":"/Users/chriscelaya/Documents/covering64-search/experiments/scratch/four-seven-template-native-v1.0.0/pilots/matching-sample2-before.txt","after":"/Users/chriscelaya/Documents/covering64-search/experiments/scratch/four-seven-template-native-v1.0.0/pilots/matching-sample2-after.txt","removed":[[5,8,10,14,16],[4,6,8,12,13]],"added":[[5,8,10,12,14],[4,6,8,13,16]],"template_group":0,"template_before":0,"template_after":0}
{"event":"operation","role":"accepted_sample","mode":0,"before":"/Users/chriscelaya/Documents/covering64-search/experiments/scratch/four-seven-template-native-v1.0.0/pilots/matching-sample3-before.txt","after":"/Users/chriscelaya/Documents/covering64-search/experiments/scratch/four-seven-template-native-v1.0.0/pilots/matching-sample3-after.txt","removed":[[2,5,11,12,15],[3,4,7,9,14]],"added":[[2,7,11,12,15],[3,4,5,9,14]],"template_group":0,"template_before":0,"template_after":0}
{"event":"operation","role":"accepted_sample","mode":0,"before":"/Users/chriscelaya/Documents/covering64-search/experiments/scratch/four-seven-template-native-v1.0.0/pilots/matching-sample4-before.txt","after":"/Users/chriscelaya/Documents/covering64-search/experiments/scratch/four-seven-template-native-v1.0.0/pilots/matching-sample4-after.txt","removed":[[2,6,10,14,16],[3,8,11,15,16]],"added":[[2,6,11,14,16],[3,8,10,15,16]],"template_group":0,"template_before":0,"template_after":0}
{"event":"operation","role":"accepted_sample","mode":1,"before":"/Users/chriscelaya/Documents/covering64-search/experiments/scratch/four-seven-template-native-v1.0.0/pilots/matching-sample5-before.txt","after":"/Users/chriscelaya/Documents/covering64-search/experiments/scratch/four-seven-template-native-v1.0.0/pilots/matching-sample5-after.txt","removed":[[2,8,11,12,13],[4,5,8,12,13]],"added":[[2,4,8,12,13],[5,8,11,12,13]],"template_group":0,"template_before":0,"template_after":0}
{"event":"operation","role":"accepted_sample","mode":1,"before":"/Users/chriscelaya/Documents/covering64-search/experiments/scratch/four-seven-template-native-v1.0.0/pilots/matching-sample6-before.txt","after":"/Users/chriscelaya/Documents/covering64-search/experiments/scratch/four-seven-template-native-v1.0.0/pilots/matching-sample6-after.txt","removed":[[3,4,6,10,14],[3,4,5,11,14]],"added":[[3,4,6,11,14],[3,4,5,10,14]],"template_group":0,"template_before":0,"template_after":0}
{"event":"operation","role":"accepted_sample","mode":0,"before":"/Users/chriscelaya/Documents/covering64-search/experiments/scratch/four-seven-template-native-v1.0.0/pilots/matching-sample7-before.txt","after":"/Users/chriscelaya/Documents/covering64-search/experiments/scratch/four-seven-template-native-v1.0.0/pilots/matching-sample7-after.txt","removed":[[1,5,10,12,14],[1,4,8,9,12]],"added":[[1,5,8,10,12],[1,4,9,12,14]],"template_group":0,"template_before":0,"template_after":0}
{"event":"operation","role":"accepted_sample","mode":3,"before":"/Users/chriscelaya/Documents/covering64-search/experiments/scratch/four-seven-template-native-v1.0.0/pilots/matching-sample8-before.txt","after":"/Users/chriscelaya/Documents/covering64-search/experiments/scratch/four-seven-template-native-v1.0.0/pilots/matching-sample8-after.txt","removed":[[1,2,3,4,6],[1,2,3,4,14],[1,2,3,5,13],[1,2,3,7,10],[1,2,3,8,9],[1,2,3,11,12],[1,2,3,15,16]],"added":[[1,2,3,4,8],[1,2,3,4,11],[1,2,3,5,14],[1,2,3,6,9],[1,2,3,7,10],[1,2,3,12,13],[1,2,3,15,16]],"template_group":1,"template_before":2839,"template_after":5619}
{"event":"operation","role":"accepted_sample","mode":3,"before":"/Users/chriscelaya/Documents/covering64-search/experiments/scratch/four-seven-template-native-v1.0.0/pilots/matching-sample9-before.txt","after":"/Users/chriscelaya/Documents/covering64-search/experiments/scratch/four-seven-template-native-v1.0.0/pilots/matching-sample9-after.txt","removed":[[1,5,9,10,11],[2,6,9,10,11],[3,4,9,10,11],[7,9,10,11,14],[8,9,10,11,13],[9,10,11,12,15],[9,10,11,12,16]],"added":[[1,9,10,11,13],[2,7,9,10,11],[3,9,10,11,12],[4,9,10,11,15],[5,9,10,11,14],[6,9,10,11,12],[8,9,10,11,16]],"template_group":3,"template_before":3400,"template_after":9997}
{"event":"operation","role":"accepted_sample","mode":0,"before":"/Users/chriscelaya/Documents/covering64-search/experiments/scratch/four-seven-template-native-v1.0.0/pilots/matching-sample10-before.txt","after":"/Users/chriscelaya/Documents/covering64-search/experiments/scratch/four-seven-template-native-v1.0.0/pilots/matching-sample10-after.txt","removed":[[6,8,12,14,16],[2,4,6,11,13]],"added":[[6,8,11,14,16],[2,4,6,12,13]],"template_group":0,"template_before":0,"template_after":0}
{"event":"operation","role":"accepted_sample","mode":3,"before":"/Users/chriscelaya/Documents/covering64-search/experiments/scratch/four-seven-template-native-v1.0.0/pilots/matching-sample11-before.txt","after":"/Users/chriscelaya/Documents/covering64-search/experiments/scratch/four-seven-template-native-v1.0.0/pilots/matching-sample11-after.txt","removed":[[1,2,3,4,11],[1,2,3,4,12],[1,2,3,5,8],[1,2,3,6,15],[1,2,3,7,16],[1,2,3,9,14],[1,2,3,10,13]],"added":[[1,2,3,4,12],[1,2,3,4,16],[1,2,3,5,13],[1,2,3,6,10],[1,2,3,7,14],[1,2,3,8,11],[1,2,3,9,15]],"template_group":1,"template_before":9624,"template_after":11274}
{"event":"improvement","holes":24,"proposals":17366581,"seconds":25.0737}
{"event":"improvement","holes":22,"proposals":17367641,"seconds":25.076}
{"event":"improvement","holes":21,"proposals":100293334,"seconds":165.718}
{"event":"finished","best_holes":21,"proposals":218376792,"seconds":300,"restarts":436,"sampled_operations":12,"attempted":[76434814,54581673,32767767,54592538],"accepted":[1552634,583438,24269,980577]}
