{
  "manifest_sha256": "d01230c07cb5b1226d2fcc95912586ac5ff07723da4e170be5e908167eeb9f5b",
  "model_sha256": "ee2570107d996ee8f69a0118b11abbad91320f5b19eb6e196ef6a34367d5d295",
  "source_sha256": "477e8e03630185c233bbd61e8a12d9b4361cb45e271ad4bdfecdf875a635e24e",
  "hint_maximum_global_partition_weight": 24,
  "model_variables": 10488,
  "model_rows": 103345,
  "base_variables": 4958,
  "base_rows": 1188,
  "global_threshold_booleans": 1120,
  "threshold_rows": 2240,
  "dp_variables": 4410,
  "dp_recurrence_rows": 99917,
  "terminal_caps": 16,
  "named_filters_retained": 3,
  "all_block_options": 4368,
  "build_seconds": 0.3570880419574678,
  "validation_and_hint_seconds": 9.906871790997684,
  "serialization_seconds": 0.08818937500473112,
  "model_pbtxt_bytes": 28669992,
  "process_peak_rss_bytes": 286015488,
  "memory_scope": "Process peak, including imports, model, validation and serialization.",
  "solver_propagation_timing_claim": false,
  "optimizer_calls": 0
}
