{
  "manifest_sha256": "2c12c4372ef388026d7a6238b7789f72ad8dcaf74ba471035cb2dcdf86dc4439",
  "source_sha256": "26ea6b120238721c832f28421dfc4df3964cb1e3f101a3a930db02a118753567",
  "completed_cases": 195296,
  "requested_cases": 195296,
  "complete": true,
  "stop_reason": "complete",
  "next_pair_ordinal": 195296,
  "completed_prefix": [
    0,
    195296
  ],
  "completed_prefix_convention": "half-open ordinal interval",
  "outcomes": {
    "insufficient_support": 156846,
    "forced_conflict": 28222,
    "survives_single_pass": 10228
  },
  "operation_counts": {
    "zero_row_unions": 13287360,
    "support_row_popcounts": 29700356,
    "conflict_row_popcounts": 7331321,
    "cardinality_support_checks": 195296
  },
  "elapsed_seconds_including_load_and_output": 20.182739250012673,
  "wall_budget_seconds": 45.0,
  "wall_budget_respected": true,
  "proof_records": "experiments/scratch/circulant-chosen-link-support-full-v1.0.0/cases.jsonl.gz",
  "proof_records_sha256": "632e8a7b23ef267323b3f414a8fd9ab7918973ec6913aba7045e9c915a283f6b",
  "survivor_records": "experiments/scratch/circulant-chosen-link-support-full-v1.0.0/survivors.jsonl.gz",
  "survivor_records_sha256": "8914b935b63ccea864ab51f5d0837efcb0eed093b4bbdfc577ecdb2fc0ac2a0c",
  "full_passes": 1,
  "iterative_propagation_launched": false,
  "optimizer_calls": 0,
  "survivor_meaning": "No contradiction in this single pass; no feasibility claim.",
  "scope": "Only all E_p-isomorphism images of the four chosen saved point links, across the supplied1300profiles."
}
